<html>
<body>
<pre>
<h1>µVision Build Log</h1>
<h2>Tool Versions:</h2>
IDE-Version: µVision V5.28.0.0
Copyright (C) 2019 ARM Ltd and ARM Germany GmbH. All rights reserved.
License Information: Phan Thanh Hung, PTH Company, LIC=----
 
Tool Versions:
Toolchain:       MDK-Lite  Version: 5.28.0.0
Toolchain Path:  C:\Keil_v5\ARM\ARMCC\Bin
C Compiler:      Armcc.exe V5.06 update 6 (build 750)
Assembler:       Armasm.exe V5.06 update 6 (build 750)
Linker/Locator:  ArmLink.exe V5.06 update 6 (build 750)
Library Manager: ArmAr.exe V5.06 update 6 (build 750)
Hex Converter:   FromElf.exe V5.06 update 6 (build 750)
CPU DLL:         SARMCM3.DLL V5.28.0.0
Dialog DLL:      DCM.DLL V1.17.3.0
Target DLL:      STLink\ST-LINKIII-KEIL_SWO.dll V3.0.6.0
Dialog DLL:      TCM.DLL V1.36.2.0
 
<h2>Project:</h2>
D:\Project_STM32\en.stm32f4_dsp_stdperiph_lib\STM32F4xx_DSP_StdPeriph_Lib_V1.8.0\Project\STM32F4xx_StdPeriph_Templates_Quadcopter\MDK-ARM\Project.uvprojx
Project File Date:  12/15/2019

<h2>Output:</h2>
*** Using Compiler 'V5.06 update 6 (build 750)', folder: 'C:\Keil_v5\ARM\ARMCC\Bin'
Build target 'STM32F40_41xxx'
compiling system_stm32f4xx.c...
compiling stm32f4xx_dma2d.c...
compiling stm32f4xx_flash.c...
compiling stm32f4xx_pwr.c...
compiling stm32f4xx_wwdg.c...
compiling stm32f4xx_fmpi2c.c...
compiling stm32f4xx_spi.c...
compiling stm32f4xx_hash.c...
compiling stm32f4xx_ltdc.c...
compiling stm32f4xx_dfsdm.c...
compiling stm32f4xx_dbgmcu.c...
compiling stm32f4xx_sdio.c...
compiling stm32f4xx_iwdg.c...
compiling stm32f4xx_cryp.c...
compiling stm32f4xx_tim.c...
compiling stm32f4xx_cryp_tdes.c...
compiling stm32f4xx_rtc.c...
compiling stm32f4xx_cryp_aes.c...
compiling stm32f4xx_adc.c...
compiling stm32f4xx_cryp_des.c...
compiling stm32f4xx_i2c.c...
compiling stm32f4xx_spdifrx.c...
compiling stm32f4xx_usart.c...
compiling stm32f4xx_sai.c...
compiling stm32f4xx_crc.c...
compiling stm32f4xx_rng.c...
compiling misc.c...
compiling stm32f4xx_fsmc.c...
compiling stm32f4xx_exti.c...
compiling stm32f4xx_dac.c...
compiling stm32f4xx_lptim.c...
compiling stm32f4xx_can.c...
compiling stm32f4xx_dcmi.c...
compiling stm32f4xx_rcc.c...
compiling stm32f4xx_hash_md5.c...
compiling stm32f4xx_gpio.c...
compiling stm32f4xx_syscfg.c...
compiling delay.c...
compiling stm32f4xx_hash_sha1.c...
compiling stm32f4xx_dma.c...
compiling Initialize.c...
compiling main.c...
linking...
Program Size: Code=764 RO-data=424 RW-data=16 ZI-data=1024  
FromELF: creating hex file...
"STM32F40_41xxx\STM32F40_41xxx.axf" - 0 Error(s), 0 Warning(s).

<h2>Software Packages used:</h2>

Package Vendor: ARM
                http://www.keil.com/pack/ARM.CMSIS.5.6.0.pack
                ARM.CMSIS.5.6.0
                CMSIS (Cortex Microcontroller Software Interface Standard)
   * Component: CORE Version: 5.3.0

Package Vendor: Keil
                http://www.keil.com/pack/Keil.STM32F4xx_DFP.2.14.0.pack
                Keil.STM32F4xx_DFP.2.14.0
                STMicroelectronics STM32F4 Series Device Support, Drivers and Examples

<h2>Collection of Component include folders:</h2>
  .\RTE\_STM32F40_41xxx
  C:\Users\PC\AppData\Local\Arm\Packs\ARM\CMSIS\5.6.0\CMSIS\Core\Include
  C:\Users\PC\AppData\Local\Arm\Packs\Keil\STM32F4xx_DFP\2.14.0\Drivers\CMSIS\Device\ST\STM32F4xx\Include

<h2>Collection of Component Files used:</h2>

   * Component: ARM::CMSIS:CORE:5.3.0
Build Time Elapsed:  00:00:19
</pre>
</body>
</html>
