Component: ARM Compiler 5.06 update 6 (build 750) Tool: armlink [4d35ed]

==============================================================================

Section Cross References

    system_stm32f4xx.o(i.SystemCoreClockUpdate) refers to system_stm32f4xx.o(.data) for .data
    system_stm32f4xx.o(i.SystemInit) refers to system_stm32f4xx.o(i.SetSysClock) for SetSysClock
    stm32f4xx_flash.o(i.FLASH_EraseAllBank1Sectors) refers to stm32f4xx_flash.o(i.FLASH_WaitForLastOperation) for FLASH_WaitForLastOperation
    stm32f4xx_flash.o(i.FLASH_EraseAllBank2Sectors) refers to stm32f4xx_flash.o(i.FLASH_WaitForLastOperation) for FLASH_WaitForLastOperation
    stm32f4xx_flash.o(i.FLASH_EraseAllSectors) refers to stm32f4xx_flash.o(i.FLASH_WaitForLastOperation) for FLASH_WaitForLastOperation
    stm32f4xx_flash.o(i.FLASH_EraseSector) refers to stm32f4xx_flash.o(i.FLASH_WaitForLastOperation) for FLASH_WaitForLastOperation
    stm32f4xx_flash.o(i.FLASH_OB_Launch) refers to stm32f4xx_flash.o(i.FLASH_WaitForLastOperation) for FLASH_WaitForLastOperation
    stm32f4xx_flash.o(i.FLASH_OB_PCROP1Config) refers to stm32f4xx_flash.o(i.FLASH_WaitForLastOperation) for FLASH_WaitForLastOperation
    stm32f4xx_flash.o(i.FLASH_OB_PCROPConfig) refers to stm32f4xx_flash.o(i.FLASH_WaitForLastOperation) for FLASH_WaitForLastOperation
    stm32f4xx_flash.o(i.FLASH_OB_RDPConfig) refers to stm32f4xx_flash.o(i.FLASH_WaitForLastOperation) for FLASH_WaitForLastOperation
    stm32f4xx_flash.o(i.FLASH_OB_UserConfig) refers to stm32f4xx_flash.o(i.FLASH_WaitForLastOperation) for FLASH_WaitForLastOperation
    stm32f4xx_flash.o(i.FLASH_OB_WRP1Config) refers to stm32f4xx_flash.o(i.FLASH_WaitForLastOperation) for FLASH_WaitForLastOperation
    stm32f4xx_flash.o(i.FLASH_OB_WRPConfig) refers to stm32f4xx_flash.o(i.FLASH_WaitForLastOperation) for FLASH_WaitForLastOperation
    stm32f4xx_flash.o(i.FLASH_ProgramByte) refers to stm32f4xx_flash.o(i.FLASH_WaitForLastOperation) for FLASH_WaitForLastOperation
    stm32f4xx_flash.o(i.FLASH_ProgramDoubleWord) refers to stm32f4xx_flash.o(i.FLASH_WaitForLastOperation) for FLASH_WaitForLastOperation
    stm32f4xx_flash.o(i.FLASH_ProgramHalfWord) refers to stm32f4xx_flash.o(i.FLASH_WaitForLastOperation) for FLASH_WaitForLastOperation
    stm32f4xx_flash.o(i.FLASH_ProgramWord) refers to stm32f4xx_flash.o(i.FLASH_WaitForLastOperation) for FLASH_WaitForLastOperation
    stm32f4xx_flash.o(i.FLASH_WaitForLastOperation) refers to stm32f4xx_flash.o(i.FLASH_GetStatus) for FLASH_GetStatus
    stm32f4xx_dma2d.o(i.DMA2D_DeInit) refers to stm32f4xx_rcc.o(i.RCC_AHB1PeriphResetCmd) for RCC_AHB1PeriphResetCmd
    stm32f4xx_pwr.o(i.PWR_DeInit) refers to stm32f4xx_rcc.o(i.RCC_APB1PeriphResetCmd) for RCC_APB1PeriphResetCmd
    stm32f4xx_wwdg.o(i.WWDG_DeInit) refers to stm32f4xx_rcc.o(i.RCC_APB1PeriphResetCmd) for RCC_APB1PeriphResetCmd
    stm32f4xx_spi.o(i.SPI_I2S_DeInit) refers to stm32f4xx_rcc.o(i.RCC_APB1PeriphResetCmd) for RCC_APB1PeriphResetCmd
    stm32f4xx_spi.o(i.SPI_I2S_DeInit) refers to stm32f4xx_rcc.o(i.RCC_APB2PeriphResetCmd) for RCC_APB2PeriphResetCmd
    stm32f4xx_hash.o(i.HASH_DeInit) refers to stm32f4xx_rcc.o(i.RCC_AHB2PeriphResetCmd) for RCC_AHB2PeriphResetCmd
    stm32f4xx_ltdc.o(i.LTDC_DeInit) refers to stm32f4xx_rcc.o(i.RCC_APB2PeriphResetCmd) for RCC_APB2PeriphResetCmd
    stm32f4xx_sdio.o(i.SDIO_DeInit) refers to stm32f4xx_rcc.o(i.RCC_APB2PeriphResetCmd) for RCC_APB2PeriphResetCmd
    stm32f4xx_tim.o(i.TIM_DeInit) refers to stm32f4xx_rcc.o(i.RCC_APB2PeriphResetCmd) for RCC_APB2PeriphResetCmd
    stm32f4xx_tim.o(i.TIM_DeInit) refers to stm32f4xx_rcc.o(i.RCC_APB1PeriphResetCmd) for RCC_APB1PeriphResetCmd
    stm32f4xx_tim.o(i.TIM_ETRClockMode1Config) refers to stm32f4xx_tim.o(i.TIM_ETRConfig) for TIM_ETRConfig
    stm32f4xx_tim.o(i.TIM_ETRClockMode2Config) refers to stm32f4xx_tim.o(i.TIM_ETRConfig) for TIM_ETRConfig
    stm32f4xx_tim.o(i.TIM_ICInit) refers to stm32f4xx_tim.o(i.TIM_SetIC4Prescaler) for TIM_SetIC4Prescaler
    stm32f4xx_tim.o(i.TIM_ICInit) refers to stm32f4xx_tim.o(i.TI1_Config) for TI1_Config
    stm32f4xx_tim.o(i.TIM_ICInit) refers to stm32f4xx_tim.o(i.TIM_SetIC1Prescaler) for TIM_SetIC1Prescaler
    stm32f4xx_tim.o(i.TIM_ICInit) refers to stm32f4xx_tim.o(i.TI2_Config) for TI2_Config
    stm32f4xx_tim.o(i.TIM_ICInit) refers to stm32f4xx_tim.o(i.TIM_SetIC2Prescaler) for TIM_SetIC2Prescaler
    stm32f4xx_tim.o(i.TIM_ICInit) refers to stm32f4xx_tim.o(i.TIM_SetIC3Prescaler) for TIM_SetIC3Prescaler
    stm32f4xx_tim.o(i.TIM_ITRxExternalClockConfig) refers to stm32f4xx_tim.o(i.TIM_SelectInputTrigger) for TIM_SelectInputTrigger
    stm32f4xx_tim.o(i.TIM_PWMIConfig) refers to stm32f4xx_tim.o(i.TI2_Config) for TI2_Config
    stm32f4xx_tim.o(i.TIM_PWMIConfig) refers to stm32f4xx_tim.o(i.TIM_SetIC2Prescaler) for TIM_SetIC2Prescaler
    stm32f4xx_tim.o(i.TIM_PWMIConfig) refers to stm32f4xx_tim.o(i.TI1_Config) for TI1_Config
[...]
    cdrcmple.s                               0x00000000   Number         0  cdrcmple.o ABSOLUTE
    dc.s                                     0x00000000   Number         0  dc.o ABSOLUTE
    handlers.s                               0x00000000   Number         0  handlers.o ABSOLUTE
    init.s                                   0x00000000   Number         0  init.o ABSOLUTE
    RESET                                    0x08000000   Section      392  startup_stm32f40_41xxx.o(RESET)
    .ARM.Collect$$$$00000000                 0x08000188   Section        0  entry.o(.ARM.Collect$$$$00000000)
    .ARM.Collect$$$$00000001                 0x08000188   Section        4  entry2.o(.ARM.Collect$$$$00000001)
    .ARM.Collect$$$$00000004                 0x0800018c   Section        4  entry5.o(.ARM.Collect$$$$00000004)
    .ARM.Collect$$$$00000008                 0x08000190   Section        0  entry7b.o(.ARM.Collect$$$$00000008)
    .ARM.Collect$$$$0000000A                 0x08000190   Section        0  entry8b.o(.ARM.Collect$$$$0000000A)
    .ARM.Collect$$$$0000000B                 0x08000190   Section        8  entry9a.o(.ARM.Collect$$$$0000000B)
    .ARM.Collect$$$$0000000D                 0x08000198   Section        0  entry10a.o(.ARM.Collect$$$$0000000D)
    .ARM.Collect$$$$0000000F                 0x08000198   Section        0  entry11a.o(.ARM.Collect$$$$0000000F)
    .ARM.Collect$$$$00002712                 0x08000198   Section        4  entry2.o(.ARM.Collect$$$$00002712)
    __lit__00000000                          0x08000198   Data           4  entry2.o(.ARM.Collect$$$$00002712)
    .text                                    0x0800019c   Section       36  startup_stm32f40_41xxx.o(.text)
    $v0                                      0x0800019c   Number         0  startup_stm32f40_41xxx.o(.text)
    .text                                    0x080001c0   Section        0  rand.o(.text)
    .text                                    0x080001e4   Section        0  memcpya.o(.text)
    .text                                    0x08000208   Section        0  memseta.o(.text)
    .text                                    0x0800022c   Section        0  strlen.o(.text)
    .text                                    0x0800023a   Section        0  dadd.o(.text)
    .text                                    0x08000388   Section        0  dmul.o(.text)
    .text                                    0x0800046c   Section        0  ddiv.o(.text)
    .text                                    0x0800054a   Section        0  dflti.o(.text)
    .text                                    0x0800056c   Section        0  f2d.o(.text)
    .text                                    0x08000592   Section        0  d2f.o(.text)
    .text                                    0x080005ca   Section        0  uldiv.o(.text)
    .text                                    0x0800062c   Section        0  llshl.o(.text)
    .text                                    0x0800064a   Section        0  llsshr.o(.text)
    .text                                    0x0800066e   Section        0  iusefp.o(.text)
    .text                                    0x0800066e   Section        0  fepilogue.o(.text)
    .text                                    0x080006dc   Section        0  depilogue.o(.text)
    .text                                    0x08000796   Section        0  dsqrt.o(.text)
    .text                                    0x08000838   Section       36  init.o(.text)
    .text                                    0x0800085c   Section        0  llushr.o(.text)
    i.CalculatePercentageOfMaximum           0x0800087c   Section        0  remote_controls.o(i.CalculatePercentageOfMaximum)
    i.CalculatePidAdjustment                 0x0800094c   Section        0  pid.o(i.CalculatePidAdjustment)
    i.ClearWarnings                          0x080009b4   Section        0  panic.o(i.ClearWarnings)
    i.EnableTiming                           0x080009dc   Section        0  delay.o(i.EnableTiming)
    i.FlushAllMetrics                        0x08000a08   Section        0  analytics.o(i.FlushAllMetrics)
    i.FlushMetrics                           0x08000a2c   Section        0  analytics.o(i.FlushMetrics)
    i.GPIO_Init                              0x08000a54   Section        0  stm32f4xx_gpio.o(i.GPIO_Init)
    i.GPIO_PinAFConfig                       0x08000af6   Section        0  stm32f4xx_gpio.o(i.GPIO_PinAFConfig)
    i.GPIO_ResetBits                         0x08000b16   Section        0  stm32f4xx_gpio.o(i.GPIO_ResetBits)
    i.GPIO_SetBits                           0x08000b1a   Section        0  stm32f4xx_gpio.o(i.GPIO_SetBits)
    i.I2C1_ER_IRQHandler                     0x08000b20   Section        0  i2c.o(i.I2C1_ER_IRQHandler)
    i.I2C1_EV_IRQHandler                     0x08000c60   Section        0  i2c.o(i.I2C1_EV_IRQHandler)
    i.I2C_AcknowledgeConfig                  0x08000ddc   Section        0  stm32f4xx_i2c.o(i.I2C_AcknowledgeConfig)
    i.I2C_CheckEvent                         0x08000df0   Section        0  stm32f4xx_i2c.o(i.I2C_CheckEvent)
    i.I2C_ClearITPendingBit                  0x08000e08   Section        0  stm32f4xx_i2c.o(i.I2C_ClearITPendingBit)
    i.I2C_Cmd                                0x08000e0e   Section        0  stm32f4xx_i2c.o(i.I2C_Cmd)
    i.I2C_GenerateSTART                      0x08000e22   Section        0  stm32f4xx_i2c.o(i.I2C_GenerateSTART)
    i.I2C_GenerateSTOP                       0x08000e36   Section        0  stm32f4xx_i2c.o(i.I2C_GenerateSTOP)
    i.I2C_GetFlagStatus                      0x08000e4a   Section        0  stm32f4xx_i2c.o(i.I2C_GetFlagStatus)
    i.I2C_GetITStatus                        0x08000e74   Section        0  stm32f4xx_i2c.o(i.I2C_GetITStatus)
    i.I2C_GetLastEvent                       0x08000e98   Section        0  stm32f4xx_i2c.o(i.I2C_GetLastEvent)
    i.I2C_ITConfig                           0x08000ea6   Section        0  stm32f4xx_i2c.o(i.I2C_ITConfig)
    i.I2C_Init                               0x08000eb8   Section        0  stm32f4xx_i2c.o(i.I2C_Init)
    i.I2C_ReceiveData                        0x08000f70   Section        0  stm32f4xx_i2c.o(i.I2C_ReceiveData)
    i.I2C_Send7bitAddress                    0x08000f76   Section        0  stm32f4xx_i2c.o(i.I2C_Send7bitAddress)
    i.I2C_SendData                           0x08000f86   Section        0  stm32f4xx_i2c.o(i.I2C_SendData)
    i.I2C_SoftwareResetCmd                   0x08000f8a   Section        0  stm32f4xx_i2c.o(i.I2C_SoftwareResetCmd)
    i.I2C_StretchClockCmd                    0x08000f9e   Section        0  stm32f4xx_i2c.o(i.I2C_StretchClockCmd)
    i.InitialiseAccelerometer                0x08000fb4   Section        0  accelerometer.o(i.InitialiseAccelerometer)
    i.InitialiseAnalytics                    0x080010a8   Section        0  analytics.o(i.InitialiseAnalytics)
    i.InitialiseAngularPosition              0x080010bc   Section        0  angular_position.o(i.InitialiseAngularPosition)
    i.InitialiseGyroscope                    0x080010f0   Section        0  gyroscope.o(i.InitialiseGyroscope)
    i.InitialiseI2C                          0x080011bc   Section        0  i2c.o(i.InitialiseI2C)
    i.InitialiseLeds                         0x080012ac   Section        0  on_board_leds.o(i.InitialiseLeds)
    i.InitialisePWM                          0x080012e0   Section        0  pwm.o(i.InitialisePWM)
    i.InitialisePWMChannel                   0x0800135c   Section        0  pwm.o(i.InitialisePWMChannel)
    i.InitialisePanicButton                  0x08001468   Section        0  panic.o(i.InitialisePanicButton)
    i.InitialisePid                          0x08001474   Section        0  pid.o(i.InitialisePid)
    i.InitialiseRemoteControls               0x08001498   Section        0  remote_controls.o(i.InitialiseRemoteControls)
    i.InitialiseRingBuffer                   0x0800150c   Section        0  ring_buffer.o(i.InitialiseRingBuffer)
    i.InitialiseSerialOutput                 0x08001514   Section        0  serial_output.o(i.InitialiseSerialOutput)
    i.InitialiseSysTick                      0x0800159c   Section        0  systick.o(i.InitialiseSysTick)
    i.MeasurePWMInput                        0x080015e4   Section        0  pwm_input.o(i.MeasurePWMInput)
    i.NVIC_Init                              0x08001778   Section        0  misc.o(i.NVIC_Init)
    i.RCC_AHB1PeriphClockCmd                 0x080017dc   Section        0  stm32f4xx_rcc.o(i.RCC_AHB1PeriphClockCmd)
    i.RCC_APB1PeriphClockCmd                 0x080017f4   Section        0  stm32f4xx_rcc.o(i.RCC_APB1PeriphClockCmd)
    i.RCC_APB2PeriphClockCmd                 0x0800180c   Section        0  stm32f4xx_rcc.o(i.RCC_APB2PeriphClockCmd)
    i.RCC_GetClocksFreq                      0x08001824   Section        0  stm32f4xx_rcc.o(i.RCC_GetClocksFreq)
    i.ReadAccelerometer                      0x080018b4   Section        0  accelerometer.o(i.ReadAccelerometer)
    i.ReadAngularPosition                    0x08001a80   Section        0  angular_position.o(i.ReadAngularPosition)
    i.ReadFromAddress                        0x08001af4   Section        0  i2c.o(i.ReadFromAddress)
    i.ReadGyroscope                          0x08001b58   Section        0  gyroscope.o(i.ReadGyroscope)
    i.ReadRemoteThrottle                     0x08001c5c   Section        0  remote_controls.o(i.ReadRemoteThrottle)
    i.ReadTim3Channel1Pulse                  0x08001c70   Section        0  pwm.o(i.ReadTim3Channel1Pulse)
    i.ReadTim3Channel2Pulse                  0x08001c7c   Section        0  pwm.o(i.ReadTim3Channel2Pulse)
    i.ReadTim3Channel3Pulse                  0x08001c88   Section        0  pwm.o(i.ReadTim3Channel3Pulse)
    i.ReadTim3Channel4Pulse                  0x08001c94   Section        0  pwm.o(i.ReadTim3Channel4Pulse)
    i.RecordFloatMetric                      0x08001ca0   Section        0  analytics.o(i.RecordFloatMetric)
    i.RecordIntegerMetric                    0x08001d00   Section        0  analytics.o(i.RecordIntegerMetric)
    i.RecordPanicMessage                     0x08001d40   Section        0  analytics.o(i.RecordPanicMessage)
    i.RecordWarningMessage                   0x08001d64   Section        0  analytics.o(i.RecordWarningMessage)
    i.ResetI2C                               0x08001d88   Section        0  i2c.o(i.ResetI2C)
    i.RingBufferPop                          0x08001e40   Section        0  ring_buffer.o(i.RingBufferPop)
    i.RingBufferPut                          0x08001e74   Section        0  ring_buffer.o(i.RingBufferPut)
    i.SendAddress                            0x08001ea4   Section        0  i2c.o(i.SendAddress)
    i.SendData                               0x08001ee0   Section        0  i2c.o(i.SendData)
    i.SendStart                              0x08001f1c   Section        0  i2c.o(i.SendStart)
    i.SendStop                               0x08001f48   Section        0  i2c.o(i.SendStop)
    i.SetSysClock                            0x08001f64   Section        0  system_stm32f4xx.o(i.SetSysClock)
    SetSysClock                              0x08001f65   Thumb Code   162  system_stm32f4xx.o(i.SetSysClock)
    i.SetTim3Channel1                        0x08002018   Section        0  pwm.o(i.SetTim3Channel1)
    i.SetTim3Channel2                        0x08002048   Section        0  pwm.o(i.SetTim3Channel2)
    i.SetTim3Channel3                        0x08002078   Section        0  pwm.o(i.SetTim3Channel3)
    i.SetTim3Channel4                        0x080020a8   Section        0  pwm.o(i.SetTim3Channel4)
    i.SysTick_Handler                        0x080020d8   Section        0  systick.o(i.SysTick_Handler)
    i.SystemInit                             0x08002108   Section        0  system_stm32f4xx.o(i.SystemInit)
    i.TI1_Config                             0x08002164   Section        0  stm32f4xx_tim.o(i.TI1_Config)
    TI1_Config                               0x08002165   Thumb Code    46  stm32f4xx_tim.o(i.TI1_Config)
    i.TI2_Config                             0x08002192   Section        0  stm32f4xx_tim.o(i.TI2_Config)
    TI2_Config                               0x08002193   Thumb Code    54  stm32f4xx_tim.o(i.TI2_Config)
    i.TIM1_BRK_TIM9_IRQHandler               0x080021c8   Section        0  pwm_input.o(i.TIM1_BRK_TIM9_IRQHandler)
    i.TIM4_IRQHandler                        0x0800227c   Section        0  pwm_input.o(i.TIM4_IRQHandler)
    i.TIM5_IRQHandler                        0x08002330   Section        0  pwm_input.o(i.TIM5_IRQHandler)
    i.TIM8_BRK_TIM12_IRQHandler              0x080023e4   Section        0  pwm_input.o(i.TIM8_BRK_TIM12_IRQHandler)
    i.TIM_ClearITPendingBit                  0x08002498   Section        0  stm32f4xx_tim.o(i.TIM_ClearITPendingBit)
    i.TIM_Cmd                                0x0800249e   Section        0  stm32f4xx_tim.o(i.TIM_Cmd)
    i.TIM_GetCapture1                        0x080024b2   Section        0  stm32f4xx_tim.o(i.TIM_GetCapture1)
    i.TIM_GetCapture2                        0x080024b6   Section        0  stm32f4xx_tim.o(i.TIM_GetCapture2)
    i.TIM_GetITStatus                        0x080024ba   Section        0  stm32f4xx_tim.o(i.TIM_GetITStatus)
    i.TIM_ICInit                             0x080024d2   Section        0  stm32f4xx_tim.o(i.TIM_ICInit)
    i.TIM_ITConfig                           0x0800257e   Section        0  stm32f4xx_tim.o(i.TIM_ITConfig)
    i.TIM_OC1Init                            0x08002590   Section        0  stm32f4xx_tim.o(i.TIM_OC1Init)
    i.TIM_OC1PreloadConfig                   0x080025f0   Section        0  stm32f4xx_tim.o(i.TIM_OC1PreloadConfig)
    i.TIM_OC2Init                            0x080025fc   Section        0  stm32f4xx_tim.o(i.TIM_OC2Init)
    i.TIM_OC2PreloadConfig                   0x0800267c   Section        0  stm32f4xx_tim.o(i.TIM_OC2PreloadConfig)
    i.TIM_OC3Init                            0x08002690   Section        0  stm32f4xx_tim.o(i.TIM_OC3Init)
    i.TIM_OC3PreloadConfig                   0x0800270c   Section        0  stm32f4xx_tim.o(i.TIM_OC3PreloadConfig)
    i.TIM_OC4Init                            0x08002718   Section        0  stm32f4xx_tim.o(i.TIM_OC4Init)
    i.TIM_OC4PreloadConfig                   0x08002778   Section        0  stm32f4xx_tim.o(i.TIM_OC4PreloadConfig)
    i.TIM_SelectInputTrigger                 0x0800278c   Section        0  stm32f4xx_tim.o(i.TIM_SelectInputTrigger)
    i.TIM_SelectMasterSlaveMode              0x08002798   Section        0  stm32f4xx_tim.o(i.TIM_SelectMasterSlaveMode)
    i.TIM_SelectSlaveMode                    0x080027a8   Section        0  stm32f4xx_tim.o(i.TIM_SelectSlaveMode)
    i.TIM_SetIC1Prescaler                    0x080027b8   Section        0  stm32f4xx_tim.o(i.TIM_SetIC1Prescaler)
    i.TIM_SetIC2Prescaler                    0x080027c8   Section        0  stm32f4xx_tim.o(i.TIM_SetIC2Prescaler)
    i.TIM_SetIC3Prescaler                    0x080027e0   Section        0  stm32f4xx_tim.o(i.TIM_SetIC3Prescaler)
    i.TIM_SetIC4Prescaler                    0x080027f0   Section        0  stm32f4xx_tim.o(i.TIM_SetIC4Prescaler)
    i.TIM_TimeBaseInit                       0x08002808   Section        0  stm32f4xx_tim.o(i.TIM_TimeBaseInit)
    i.TimingDelay                            0x08002884   Section        0  delay.o(i.TimingDelay)
    i.TurnOff                                0x08002898   Section        0  on_board_leds.o(i.TurnOff)
    i.TurnOn                                 0x080028a4   Section        0  on_board_leds.o(i.TurnOn)
    i.USART_Cmd                              0x080028b0   Section        0  stm32f4xx_usart.o(i.USART_Cmd)
    i.USART_GetFlagStatus                    0x080028c4   Section        0  stm32f4xx_usart.o(i.USART_GetFlagStatus)
    i.USART_Init                             0x080028d4   Section        0  stm32f4xx_usart.o(i.USART_Init)
    i.USART_SendData                         0x08002980   Section        0  stm32f4xx_usart.o(i.USART_SendData)
    i.UpdateTim3Channel1                     0x08002988   Section        0  pwm.o(i.UpdateTim3Channel1)
    i.UpdateTim3Channel2                     0x0800299c   Section        0  pwm.o(i.UpdateTim3Channel2)
    i.UpdateTim3Channel3                     0x080029b0   Section        0  pwm.o(i.UpdateTim3Channel3)
    i.UpdateTim3Channel4                     0x080029c4   Section        0  pwm.o(i.UpdateTim3Channel4)
    i.WaitAFewMillis                         0x080029d8   Section        0  delay.o(i.WaitAFewMillis)
    i.WaitAMillisecond                       0x080029e4   Section        0  delay.o(i.WaitAMillisecond)
    i.WaitForEvent                           0x080029f0   Section        0  i2c.o(i.WaitForEvent)
    i.WriteCharacterToBuffer                 0x08002a4c   Section        0  analytics.o(i.WriteCharacterToBuffer)
    i.WriteData                              0x08002a58   Section        0  serial_output.o(i.WriteData)
    i.WriteStringToBuffer                    0x08002a7c   Section        0  analytics.o(i.WriteStringToBuffer)
    i.__0snprintf$8                          0x08002a98   Section        0  printf8.o(i.__0snprintf$8)
    i.__ARM_fpclassify                       0x08002ac8   Section        0  fpclassify.o(i.__ARM_fpclassify)
    i.__ARM_isnanf                           0x08002af8   Section        0  accelerometer.o(i.__ARM_isnanf)
    __ARM_isnanf                             0x08002af9   Thumb Code    12  accelerometer.o(i.__ARM_isnanf)
    i.__ARM_isnanf                           0x08002b04   Section        0  gyroscope.o(i.__ARM_isnanf)
    __ARM_isnanf                             0x08002b05   Thumb Code    12  gyroscope.o(i.__ARM_isnanf)
    i.__ARM_isnanf                           0x08002b10   Section        0  pid.o(i.__ARM_isnanf)
    __ARM_isnanf                             0x08002b11   Thumb Code    12  pid.o(i.__ARM_isnanf)
    i.__ARM_isnanf                           0x08002b1c   Section        0  pwm_input.o(i.__ARM_isnanf)
    __ARM_isnanf                             0x08002b1d   Thumb Code    12  pwm_input.o(i.__ARM_isnanf)
    i.__hardfp_atan                          0x08002b28   Section        0  atan.o(i.__hardfp_atan)
    i.__hardfp_sqrt                          0x08002e00   Section        0  sqrt.o(i.__hardfp_sqrt)
    i.__kernel_poly                          0x08002e7a   Section        0  poly.o(i.__kernel_poly)
    i.__mathlib_dbl_infnan                   0x08002f72   Section        0  dunder.o(i.__mathlib_dbl_infnan)
    i.__mathlib_dbl_underflow                0x08002f88   Section        0  dunder.o(i.__mathlib_dbl_underflow)
    i.__scatterload_copy                     0x08002fa8   Section       14  handlers.o(i.__scatterload_copy)
    i.__scatterload_null                     0x08002fb6   Section        2  handlers.o(i.__scatterload_null)
    i.__scatterload_zeroinit                 0x08002fb8   Section       14  handlers.o(i.__scatterload_zeroinit)
    i.__set_errno                            0x08002fc8   Section        0  errno.o(i.__set_errno)
    i._printf_core                           0x08002fd4   Section        0  printf8.o(i._printf_core)
    _printf_core                             0x08002fd5   Thumb Code   996  printf8.o(i._printf_core)
    i._printf_post_padding                   0x080033e4   Section        0  printf8.o(i._printf_post_padding)
    _printf_post_padding                     0x080033e5   Thumb Code    36  printf8.o(i._printf_post_padding)
    i._printf_pre_padding                    0x08003408   Section        0  printf8.o(i._printf_pre_padding)
    _printf_pre_padding                      0x08003409   Thumb Code    46  printf8.o(i._printf_pre_padding)
    i._snputc                                0x08003436   Section        0  printf8.o(i._snputc)
    _snputc                                  0x08003437   Thumb Code    22  printf8.o(i._snputc)
    i.fabs                                   0x0800344c   Section        0  fabs.o(i.fabs)
    i.free                                   0x08003464   Section        0  malloc.o(i.free)
    i.main                                   0x080034b4   Section        0  main.o(i.main)
    i.malloc                                 0x080039fc   Section        0  malloc.o(i.malloc)
    i.modulo_inc                             0x08003a68   Section        0  ring_buffer.o(i.modulo_inc)
    i.panicWithValue                         0x08003a74   Section        0  panic.o(i.panicWithValue)
    i.warning                                0x08003ae0   Section        0  panic.o(i.warning)
    i.warningWithValue                       0x08003b34   Section        0  panic.o(i.warningWithValue)
    .constdata                               0x08003bb0   Section      152  atan.o(.constdata)
    atanhi                                   0x08003bb0   Data          32  atan.o(.constdata)
    atanlo                                   0x08003bd0   Data          32  atan.o(.constdata)
    aTodd                                    0x08003bf0   Data          40  atan.o(.constdata)
    aTeven                                   0x08003c18   Data          48  atan.o(.constdata)
    .data                                    0x20000000   Section       20  system_stm32f4xx.o(.data)
    .data                                    0x20000014   Section       16  stm32f4xx_rcc.o(.data)
    APBAHBPrescTable                         0x20000014   Data          16  stm32f4xx_rcc.o(.data)
    .data                                    0x20000024   Section       16  delay.o(.data)
    enabled                                  0x20000030   Data           4  delay.o(.data)
    .data                                    0x20000034   Section        1  main.o(.data)
    .data                                    0x20000035   Section        1  main.o(.data)
    .data                                    0x20000036   Section        1  main.o(.data)
    .data                                    0x20000037   Section        1  main.o(.data)
    .data                                    0x20000038   Section        1  main.o(.data)
    .data                                    0x20000039   Section        1  main.o(.data)
    .data                                    0x2000003c   Section        4  main.o(.data)
    .data                                    0x20000040   Section        1  main.o(.data)
    .data                                    0x20000041   Section        1  main.o(.data)
    .data                                    0x20000042   Section        1  main.o(.data)
    .data                                    0x20000043   Section        1  main.o(.data)
    .data                                    0x20000044   Section        1  main.o(.data)
    .data                                    0x20000048   Section        4  main.o(.data)
    .data                                    0x2000004c   Section        4  main.o(.data)
    .data                                    0x20000050   Section        4  main.o(.data)
    .data                                    0x20000054   Section        4  main.o(.data)
    .data                                    0x20000058   Section        4  main.o(.data)
    .data                                    0x2000005c   Section        4  main.o(.data)
    .data                                    0x20000060   Section        4  main.o(.data)
    .data                                    0x20000064   Section        4  main.o(.data)
    .data                                    0x20000068   Section        4  main.o(.data)
    .data                                    0x2000006c   Section        8  main.o(.data)
    .data                                    0x20000074   Section        4  rand.o(.data)
    _rand_state                              0x20000074   Data           4  rand.o(.data)
    .data                                    0x20000078   Section        4  mvars.o(.data)
    .data                                    0x2000007c   Section        4  mvars.o(.data)
    .data                                    0x20000080   Section        4  errno.o(.data)
    _errno                                   0x20000080   Data           4  errno.o(.data)
    .bss                                     0x20000084   Section     2144  main.o(.bss)
    .bss                                     0x200008e4   Section       10  main.o(.bss)
    .bss                                     0x200008ee   Section       10  main.o(.bss)
    .bss                                     0x200008f8   Section       12  main.o(.bss)
    .bss                                     0x20000904   Section       12  main.o(.bss)
    .bss                                     0x20000910   Section       12  main.o(.bss)
    .bss                                     0x2000091c   Section       12  main.o(.bss)
    .bss                                     0x20000928   Section       16  pwm_input.o(.bss)
    HEAP                                     0x20000938   Section      512  startup_stm32f40_41xxx.o(HEAP)
    STACK                                    0x20000b38   Section     1024  startup_stm32f40_41xxx.o(STACK)

    Global Symbols

    Symbol Name                              Value     Ov Type        Size  Object(Section)

    BuildAttributes$$THM_ISAv4$E$P$D$K$B$S$7EM$VFPi3$EXTD16$VFPS$VFMA$PE$A:L22UL41UL21$X:L11$S22US41US21$IEEE1$IW$USESV6$~STKCKD$USESV7$~SHL$OTIME$ROPI$IEEEX$EBA8$MICROLIB$REQ8$PRES8$EABIv2 0x00000000   Number         0  anon$$obj.o ABSOLUTE
    __ARM_use_no_argv                        0x00000000   Number         0  main.o ABSOLUTE
    _printf_a                                0x00000000   Number         0  stubs.o ABSOLUTE
    _printf_c                                0x00000000   Number         0  stubs.o ABSOLUTE
    _printf_charcount                        0x00000000   Number         0  stubs.o ABSOLUTE
    _printf_d                                0x00000000   Number         0  stubs.o ABSOLUTE
    _printf_e                                0x00000000   Number         0  stubs.o ABSOLUTE
    _printf_f                                0x00000000   Number         0  stubs.o ABSOLUTE
    _printf_flags                            0x00000000   Number         0  stubs.o ABSOLUTE
    _printf_fp_dec                           0x00000000   Number         0  stubs.o ABSOLUTE
    _printf_fp_hex                           0x00000000   Number         0  stubs.o ABSOLUTE
    _printf_g                                0x00000000   Number         0  stubs.o ABSOLUTE
    _printf_i                                0x00000000   Number         0  stubs.o ABSOLUTE
    _printf_int_dec                          0x00000000   Number         0  stubs.o ABSOLUTE
    _printf_l                                0x00000000   Number         0  stubs.o ABSOLUTE
    _printf_lc                               0x00000000   Number         0  stubs.o ABSOLUTE
    _printf_ll                               0x00000000   Number         0  stubs.o ABSOLUTE
    _printf_lld                              0x00000000   Number         0  stubs.o ABSOLUTE
    _printf_lli                              0x00000000   Number         0  stubs.o ABSOLUTE
    _printf_llo                              0x00000000   Number         0  stubs.o ABSOLUTE
    _printf_llu                              0x00000000   Number         0  stubs.o ABSOLUTE
    _printf_llx                              0x00000000   Number         0  stubs.o ABSOLUTE
    _printf_longlong_dec                     0x00000000   Number         0  stubs.o ABSOLUTE
    _printf_longlong_hex                     0x00000000   Number         0  stubs.o ABSOLUTE
    _printf_longlong_oct                     0x00000000   Number         0  stubs.o ABSOLUTE
    _printf_ls                               0x00000000   Number         0  stubs.o ABSOLUTE
    _printf_mbtowc                           0x00000000   Number         0  stubs.o ABSOLUTE
    _printf_n                                0x00000000   Number         0  stubs.o ABSOLUTE
    _printf_o                                0x00000000   Number         0  stubs.o ABSOLUTE
    _printf_p                                0x00000000   Number         0  stubs.o ABSOLUTE
    _printf_percent                          0x00000000   Number         0  stubs.o ABSOLUTE
    _printf_pre_padding                      0x00000000   Number         0  stubs.o ABSOLUTE
    _printf_return_value                     0x00000000   Number         0  stubs.o ABSOLUTE
    _printf_s                                0x00000000   Number         0  stubs.o ABSOLUTE
    _printf_sizespec                         0x00000000   Number         0  stubs.o ABSOLUTE
    _printf_str                              0x00000000   Number         0  stubs.o ABSOLUTE
    _printf_truncate_signed                  0x00000000   Number         0  stubs.o ABSOLUTE
    _printf_truncate_unsigned                0x00000000   Number         0  stubs.o ABSOLUTE
    _printf_u                                0x00000000   Number         0  stubs.o ABSOLUTE
    _printf_wc                               0x00000000   Number         0  stubs.o ABSOLUTE
    _printf_wctomb                           0x00000000   Number         0  stubs.o ABSOLUTE
    _printf_widthprec                        0x00000000   Number         0  stubs.o ABSOLUTE
    _printf_x                                0x00000000   Number         0  stubs.o ABSOLUTE
    __cpp_initialize__aeabi_                  - Undefined Weak Reference
    __cxa_finalize                            - Undefined Weak Reference
    __decompress                              - Undefined Weak Reference
    _clock_init                               - Undefined Weak Reference
    _microlib_exit                            - Undefined Weak Reference
    __Vectors_Size                           0x00000188   Number         0  startup_stm32f40_41xxx.o ABSOLUTE
    __Vectors                                0x08000000   Data           4  startup_stm32f40_41xxx.o(RESET)
    __Vectors_End                            0x08000188   Data           0  startup_stm32f40_41xxx.o(RESET)
    __main                                   0x08000189   Thumb Code     0  entry.o(.ARM.Collect$$$$00000000)
    _main_stk                                0x08000189   Thumb Code     0  entry2.o(.ARM.Collect$$$$00000001)
    _main_scatterload                        0x0800018d   Thumb Code     0  entry5.o(.ARM.Collect$$$$00000004)
    __main_after_scatterload                 0x08000191   Thumb Code     0  entry5.o(.ARM.Collect$$$$00000004)
    _main_clock                              0x08000191   Thumb Code     0  entry7b.o(.ARM.Collect$$$$00000008)
    _main_cpp_init                           0x08000191   Thumb Code     0  entry8b.o(.ARM.Collect$$$$0000000A)
    _main_init                               0x08000191   Thumb Code     0  entry9a.o(.ARM.Collect$$$$0000000B)
    __rt_final_cpp                           0x08000199   Thumb Code     0  entry10a.o(.ARM.Collect$$$$0000000D)
    __rt_final_exit                          0x08000199   Thumb Code     0  entry11a.o(.ARM.Collect$$$$0000000F)
    Reset_Handler                            0x0800019d   Thumb Code     8  startup_stm32f40_41xxx.o(.text)
    NMI_Handler                              0x080001a5   Thumb Code     2  startup_stm32f40_41xxx.o(.text)
    HardFault_Handler                        0x080001a7   Thumb Code     2  startup_stm32f40_41xxx.o(.text)
    MemManage_Handler                        0x080001a9   Thumb Code     2  startup_stm32f40_41xxx.o(.text)
    BusFault_Handler                         0x080001ab   Thumb Code     2  startup_stm32f40_41xxx.o(.text)
    UsageFault_Handler                       0x080001ad   Thumb Code     2  startup_stm32f40_41xxx.o(.text)
    SVC_Handler                              0x080001af   Thumb Code     2  startup_stm32f40_41xxx.o(.text)
    DebugMon_Handler                         0x080001b1   Thumb Code     2  startup_stm32f40_41xxx.o(.text)
    PendSV_Handler                           0x080001b3   Thumb Code     2  startup_stm32f40_41xxx.o(.text)
    ADC_IRQHandler                           0x080001b7   Thumb Code     0  startup_stm32f40_41xxx.o(.text)
    CAN1_RX0_IRQHandler                      0x080001b7   Thumb Code     0  startup_stm32f40_41xxx.o(.text)
    CAN1_RX1_IRQHandler                      0x080001b7   Thumb Code     0  startup_stm32f40_41xxx.o(.text)
    CAN1_SCE_IRQHandler                      0x080001b7   Thumb Code     0  startup_stm32f40_41xxx.o(.text)
    CAN1_TX_IRQHandler                       0x080001b7   Thumb Code     0  startup_stm32f40_41xxx.o(.text)
    CAN2_RX0_IRQHandler                      0x080001b7   Thumb Code     0  startup_stm32f40_41xxx.o(.text)
    CAN2_RX1_IRQHandler                      0x080001b7   Thumb Code     0  startup_stm32f40_41xxx.o(.text)
    CAN2_SCE_IRQHandler                      0x080001b7   Thumb Code     0  startup_stm32f40_41xxx.o(.text)
    CAN2_TX_IRQHandler                       0x080001b7   Thumb Code     0  startup_stm32f40_41xxx.o(.text)
    CRYP_IRQHandler                          0x080001b7   Thumb Code     0  startup_stm32f40_41xxx.o(.text)
    DCMI_IRQHandler                          0x080001b7   Thumb Code     0  startup_stm32f40_41xxx.o(.text)
    DMA1_Stream0_IRQHandler                  0x080001b7   Thumb Code     0  startup_stm32f40_41xxx.o(.text)
    DMA1_Stream1_IRQHandler                  0x080001b7   Thumb Code     0  startup_stm32f40_41xxx.o(.text)
    DMA1_Stream2_IRQHandler                  0x080001b7   Thumb Code     0  startup_stm32f40_41xxx.o(.text)
    DMA1_Stream3_IRQHandler                  0x080001b7   Thumb Code     0  startup_stm32f40_41xxx.o(.text)
    DMA1_Stream4_IRQHandler                  0x080001b7   Thumb Code     0  startup_stm32f40_41xxx.o(.text)
    DMA1_Stream5_IRQHandler                  0x080001b7   Thumb Code     0  startup_stm32f40_41xxx.o(.text)
    DMA1_Stream6_IRQHandler                  0x080001b7   Thumb Code     0  startup_stm32f40_41xxx.o(.text)
    DMA1_Stream7_IRQHandler                  0x080001b7   Thumb Code     0  startup_stm32f40_41xxx.o(.text)
    DMA2_Stream0_IRQHandler                  0x080001b7   Thumb Code     0  startup_stm32f40_41xxx.o(.text)
    DMA2_Stream1_IRQHandler                  0x080001b7   Thumb Code     0  startup_stm32f40_41xxx.o(.text)
    DMA2_Stream2_IRQHandler                  0x080001b7   Thumb Code     0  startup_stm32f40_41xxx.o(.text)
    DMA2_Stream3_IRQHandler                  0x080001b7   Thumb Code     0  startup_stm32f40_41xxx.o(.text)
    DMA2_Stream4_IRQHandler                  0x080001b7   Thumb Code     0  startup_stm32f40_41xxx.o(.text)
    DMA2_Stream5_IRQHandler                  0x080001b7   Thumb Code     0  startup_stm32f40_41xxx.o(.text)
    DMA2_Stream6_IRQHandler                  0x080001b7   Thumb Code     0  startup_stm32f40_41xxx.o(.text)
    DMA2_Stream7_IRQHandler                  0x080001b7   Thumb Code     0  startup_stm32f40_41xxx.o(.text)
    ETH_IRQHandler                           0x080001b7   Thumb Code     0  startup_stm32f40_41xxx.o(.text)
    ETH_WKUP_IRQHandler                      0x080001b7   Thumb Code     0  startup_stm32f40_41xxx.o(.text)
    EXTI0_IRQHandler                         0x080001b7   Thumb Code     0  startup_stm32f40_41xxx.o(.text)
    EXTI15_10_IRQHandler                     0x080001b7   Thumb Code     0  startup_stm32f40_41xxx.o(.text)
    EXTI1_IRQHandler                         0x080001b7   Thumb Code     0  startup_stm32f40_41xxx.o(.text)
    EXTI2_IRQHandler                         0x080001b7   Thumb Code     0  startup_stm32f40_41xxx.o(.text)
    EXTI3_IRQHandler                         0x080001b7   Thumb Code     0  startup_stm32f40_41xxx.o(.text)
    EXTI4_IRQHandler                         0x080001b7   Thumb Code     0  startup_stm32f40_41xxx.o(.text)
    EXTI9_5_IRQHandler                       0x080001b7   Thumb Code     0  startup_stm32f40_41xxx.o(.text)
    FLASH_IRQHandler                         0x080001b7   Thumb Code     0  startup_stm32f40_41xxx.o(.text)
    FPU_IRQHandler                           0x080001b7   Thumb Code     0  startup_stm32f40_41xxx.o(.text)
    FSMC_IRQHandler                          0x080001b7   Thumb Code     0  startup_stm32f40_41xxx.o(.text)
    HASH_RNG_IRQHandler                      0x080001b7   Thumb Code     0  startup_stm32f40_41xxx.o(.text)
    I2C2_ER_IRQHandler                       0x080001b7   Thumb Code     0  startup_stm32f40_41xxx.o(.text)
    I2C2_EV_IRQHandler                       0x080001b7   Thumb Code     0  startup_stm32f40_41xxx.o(.text)
    I2C3_ER_IRQHandler                       0x080001b7   Thumb Code     0  startup_stm32f40_41xxx.o(.text)
    I2C3_EV_IRQHandler                       0x080001b7   Thumb Code     0  startup_stm32f40_41xxx.o(.text)
    OTG_FS_IRQHandler                        0x080001b7   Thumb Code     0  startup_stm32f40_41xxx.o(.text)
    OTG_FS_WKUP_IRQHandler                   0x080001b7   Thumb Code     0  startup_stm32f40_41xxx.o(.text)
    OTG_HS_EP1_IN_IRQHandler                 0x080001b7   Thumb Code     0  startup_stm32f40_41xxx.o(.text)
    OTG_HS_EP1_OUT_IRQHandler                0x080001b7   Thumb Code     0  startup_stm32f40_41xxx.o(.text)
    OTG_HS_IRQHandler                        0x080001b7   Thumb Code     0  startup_stm32f40_41xxx.o(.text)
    OTG_HS_WKUP_IRQHandler                   0x080001b7   Thumb Code     0  startup_stm32f40_41xxx.o(.text)
    PVD_IRQHandler                           0x080001b7   Thumb Code     0  startup_stm32f40_41xxx.o(.text)
    RCC_IRQHandler                           0x080001b7   Thumb Code     0  startup_stm32f40_41xxx.o(.text)
    RTC_Alarm_IRQHandler                     0x080001b7   Thumb Code     0  startup_stm32f40_41xxx.o(.text)
    RTC_WKUP_IRQHandler                      0x080001b7   Thumb Code     0  startup_stm32f40_41xxx.o(.text)
    SDIO_IRQHandler                          0x080001b7   Thumb Code     0  startup_stm32f40_41xxx.o(.text)
    SPI1_IRQHandler                          0x080001b7   Thumb Code     0  startup_stm32f40_41xxx.o(.text)
    SPI2_IRQHandler                          0x080001b7   Thumb Code     0  startup_stm32f40_41xxx.o(.text)
    SPI3_IRQHandler                          0x080001b7   Thumb Code     0  startup_stm32f40_41xxx.o(.text)
    TAMP_STAMP_IRQHandler                    0x080001b7   Thumb Code     0  startup_stm32f40_41xxx.o(.text)
    TIM1_CC_IRQHandler                       0x080001b7   Thumb Code     0  startup_stm32f40_41xxx.o(.text)
    TIM1_TRG_COM_TIM11_IRQHandler            0x080001b7   Thumb Code     0  startup_stm32f40_41xxx.o(.text)
    TIM1_UP_TIM10_IRQHandler                 0x080001b7   Thumb Code     0  startup_stm32f40_41xxx.o(.text)
    TIM2_IRQHandler                          0x080001b7   Thumb Code     0  startup_stm32f40_41xxx.o(.text)
    TIM3_IRQHandler                          0x080001b7   Thumb Code     0  startup_stm32f40_41xxx.o(.text)
    TIM6_DAC_IRQHandler                      0x080001b7   Thumb Code     0  startup_stm32f40_41xxx.o(.text)
    TIM7_IRQHandler                          0x080001b7   Thumb Code     0  startup_stm32f40_41xxx.o(.text)
    TIM8_CC_IRQHandler                       0x080001b7   Thumb Code     0  startup_stm32f40_41xxx.o(.text)
    TIM8_TRG_COM_TIM14_IRQHandler            0x080001b7   Thumb Code     0  startup_stm32f40_41xxx.o(.text)
    TIM8_UP_TIM13_IRQHandler                 0x080001b7   Thumb Code     0  startup_stm32f40_41xxx.o(.text)
    UART4_IRQHandler                         0x080001b7   Thumb Code     0  startup_stm32f40_41xxx.o(.text)
    UART5_IRQHandler                         0x080001b7   Thumb Code     0  startup_stm32f40_41xxx.o(.text)
    USART1_IRQHandler                        0x080001b7   Thumb Code     0  startup_stm32f40_41xxx.o(.text)
    USART2_IRQHandler                        0x080001b7   Thumb Code     0  startup_stm32f40_41xxx.o(.text)
    USART3_IRQHandler                        0x080001b7   Thumb Code     0  startup_stm32f40_41xxx.o(.text)
    USART6_IRQHandler                        0x080001b7   Thumb Code     0  startup_stm32f40_41xxx.o(.text)
    WWDG_IRQHandler                          0x080001b7   Thumb Code     0  startup_stm32f40_41xxx.o(.text)
    rand                                     0x080001c1   Thumb Code    20  rand.o(.text)
    srand                                    0x080001d5   Thumb Code     6  rand.o(.text)
    __aeabi_memcpy                           0x080001e5   Thumb Code    36  memcpya.o(.text)
    __aeabi_memcpy4                          0x080001e5   Thumb Code     0  memcpya.o(.text)
    __aeabi_memcpy8                          0x080001e5   Thumb Code     0  memcpya.o(.text)
    __aeabi_memset                           0x08000209   Thumb Code    14  memseta.o(.text)
    __aeabi_memset4                          0x08000209   Thumb Code     0  memseta.o(.text)
    __aeabi_memset8                          0x08000209   Thumb Code     0  memseta.o(.text)
    __aeabi_memclr                           0x08000217   Thumb Code     4  memseta.o(.text)
    __aeabi_memclr4                          0x08000217   Thumb Code     0  memseta.o(.text)
    __aeabi_memclr8                          0x08000217   Thumb Code     0  memseta.o(.text)
    _memset$wrapper                          0x0800021b   Thumb Code    18  memseta.o(.text)
    strlen                                   0x0800022d   Thumb Code    14  strlen.o(.text)
    __aeabi_dadd                             0x0800023b   Thumb Code   322  dadd.o(.text)
    __aeabi_dsub                             0x0800037d   Thumb Code     6  dadd.o(.text)
    __aeabi_drsub                            0x08000383   Thumb Code     6  dadd.o(.text)
    __aeabi_dmul                             0x08000389   Thumb Code   228  dmul.o(.text)
    __aeabi_ddiv                             0x0800046d   Thumb Code   222  ddiv.o(.text)
    __aeabi_i2d                              0x0800054b   Thumb Code    34  dflti.o(.text)
    __aeabi_f2d                              0x0800056d   Thumb Code    38  f2d.o(.text)
    __aeabi_d2f                              0x08000593   Thumb Code    56  d2f.o(.text)
    __aeabi_uldivmod                         0x080005cb   Thumb Code    98  uldiv.o(.text)
    __aeabi_llsl                             0x0800062d   Thumb Code    30  llshl.o(.text)
    _ll_shift_l                              0x0800062d   Thumb Code     0  llshl.o(.text)
    __aeabi_lasr                             0x0800064b   Thumb Code    36  llsshr.o(.text)
    _ll_sshift_r                             0x0800064b   Thumb Code     0  llsshr.o(.text)
    __I$use$fp                               0x0800066f   Thumb Code     0  iusefp.o(.text)
    _float_round                             0x0800066f   Thumb Code    18  fepilogue.o(.text)
    _float_epilogue                          0x08000681   Thumb Code    92  fepilogue.o(.text)
    _double_round                            0x080006dd   Thumb Code    30  depilogue.o(.text)
    _double_epilogue                         0x080006fb   Thumb Code   156  depilogue.o(.text)
    _dsqrt                                   0x08000797   Thumb Code   162  dsqrt.o(.text)
    __scatterload                            0x08000839   Thumb Code    28  init.o(.text)
    __scatterload_rt2                        0x08000839   Thumb Code     0  init.o(.text)
    __aeabi_llsr                             0x0800085d   Thumb Code    32  llushr.o(.text)
    _ll_ushift_r                             0x0800085d   Thumb Code     0  llushr.o(.text)
    CalculatePercentageOfMaximum             0x0800087d   Thumb Code   166  remote_controls.o(i.CalculatePercentageOfMaximum)
    CalculatePidAdjustment                   0x0800094d   Thumb Code   100  pid.o(i.CalculatePidAdjustment)
    ClearWarnings                            0x080009b5   Thumb Code    32  panic.o(i.ClearWarnings)
    EnableTiming                             0x080009dd   Thumb Code    40  delay.o(i.EnableTiming)
    FlushAllMetrics                          0x08000a09   Thumb Code    32  analytics.o(i.FlushAllMetrics)
    FlushMetrics                             0x08000a2d   Thumb Code    36  analytics.o(i.FlushMetrics)
    GPIO_Init                                0x08000a55   Thumb Code   162  stm32f4xx_gpio.o(i.GPIO_Init)
    GPIO_PinAFConfig                         0x08000af7   Thumb Code    32  stm32f4xx_gpio.o(i.GPIO_PinAFConfig)
    GPIO_ResetBits                           0x08000b17   Thumb Code     4  stm32f4xx_gpio.o(i.GPIO_ResetBits)
    GPIO_SetBits                             0x08000b1b   Thumb Code     4  stm32f4xx_gpio.o(i.GPIO_SetBits)
    I2C1_ER_IRQHandler                       0x08000b21   Thumb Code   144  i2c.o(i.I2C1_ER_IRQHandler)
    I2C1_EV_IRQHandler                       0x08000c61   Thumb Code   288  i2c.o(i.I2C1_EV_IRQHandler)
    I2C_AcknowledgeConfig                    0x08000ddd   Thumb Code    20  stm32f4xx_i2c.o(i.I2C_AcknowledgeConfig)
    I2C_CheckEvent                           0x08000df1   Thumb Code    24  stm32f4xx_i2c.o(i.I2C_CheckEvent)
    I2C_ClearITPendingBit                    0x08000e09   Thumb Code     6  stm32f4xx_i2c.o(i.I2C_ClearITPendingBit)
    I2C_Cmd                                  0x08000e0f   Thumb Code    20  stm32f4xx_i2c.o(i.I2C_Cmd)
    I2C_GenerateSTART                        0x08000e23   Thumb Code    20  stm32f4xx_i2c.o(i.I2C_GenerateSTART)
    I2C_GenerateSTOP                         0x08000e37   Thumb Code    20  stm32f4xx_i2c.o(i.I2C_GenerateSTOP)
    I2C_GetFlagStatus                        0x08000e4b   Thumb Code    42  stm32f4xx_i2c.o(i.I2C_GetFlagStatus)
    I2C_GetITStatus                          0x08000e75   Thumb Code    36  stm32f4xx_i2c.o(i.I2C_GetITStatus)
    I2C_GetLastEvent                         0x08000e99   Thumb Code    14  stm32f4xx_i2c.o(i.I2C_GetLastEvent)
    I2C_ITConfig                             0x08000ea7   Thumb Code    16  stm32f4xx_i2c.o(i.I2C_ITConfig)
    I2C_Init                                 0x08000eb9   Thumb Code   174  stm32f4xx_i2c.o(i.I2C_Init)
    I2C_ReceiveData                          0x08000f71   Thumb Code     6  stm32f4xx_i2c.o(i.I2C_ReceiveData)
    I2C_Send7bitAddress                      0x08000f77   Thumb Code    16  stm32f4xx_i2c.o(i.I2C_Send7bitAddress)
    I2C_SendData                             0x08000f87   Thumb Code     4  stm32f4xx_i2c.o(i.I2C_SendData)
    I2C_SoftwareResetCmd                     0x08000f8b   Thumb Code    20  stm32f4xx_i2c.o(i.I2C_SoftwareResetCmd)
    I2C_StretchClockCmd                      0x08000f9f   Thumb Code    20  stm32f4xx_i2c.o(i.I2C_StretchClockCmd)
    InitialiseAccelerometer                  0x08000fb5   Thumb Code   228  accelerometer.o(i.InitialiseAccelerometer)
    InitialiseAnalytics                      0x080010a9   Thumb Code    16  analytics.o(i.InitialiseAnalytics)
    InitialiseAngularPosition                0x080010bd   Thumb Code    38  angular_position.o(i.InitialiseAngularPosition)
    InitialiseGyroscope                      0x080010f1   Thumb Code   188  gyroscope.o(i.InitialiseGyroscope)
    InitialiseI2C                            0x080011bd   Thumb Code   222  i2c.o(i.InitialiseI2C)
    InitialiseLeds                           0x080012ad   Thumb Code    48  on_board_leds.o(i.InitialiseLeds)
    InitialisePWM                            0x080012e1   Thumb Code   100  pwm.o(i.InitialisePWM)
    InitialisePWMChannel                     0x0800135d   Thumb Code   214  pwm.o(i.InitialisePWMChannel)
    InitialisePanicButton                    0x08001469   Thumb Code     8  panic.o(i.InitialisePanicButton)
    InitialisePid                            0x08001475   Thumb Code    32  pid.o(i.InitialisePid)
    InitialiseRemoteControls                 0x08001499   Thumb Code    72  remote_controls.o(i.InitialiseRemoteControls)
    InitialiseRingBuffer                     0x0800150d   Thumb Code     8  ring_buffer.o(i.InitialiseRingBuffer)
    InitialiseSerialOutput                   0x08001515   Thumb Code   128  serial_output.o(i.InitialiseSerialOutput)
    InitialiseSysTick                        0x0800159d   Thumb Code    56  systick.o(i.InitialiseSysTick)
    MeasurePWMInput                          0x080015e5   Thumb Code   362  pwm_input.o(i.MeasurePWMInput)
    NVIC_Init                                0x08001779   Thumb Code    96  misc.o(i.NVIC_Init)
    RCC_AHB1PeriphClockCmd                   0x080017dd   Thumb Code    18  stm32f4xx_rcc.o(i.RCC_AHB1PeriphClockCmd)
    RCC_APB1PeriphClockCmd                   0x080017f5   Thumb Code    18  stm32f4xx_rcc.o(i.RCC_APB1PeriphClockCmd)
    RCC_APB2PeriphClockCmd                   0x0800180d   Thumb Code    18  stm32f4xx_rcc.o(i.RCC_APB2PeriphClockCmd)
    RCC_GetClocksFreq                        0x08001825   Thumb Code   132  stm32f4xx_rcc.o(i.RCC_GetClocksFreq)
    ReadAccelerometer                        0x080018b5   Thumb Code   416  accelerometer.o(i.ReadAccelerometer)
    ReadAngularPosition                      0x08001a81   Thumb Code    90  angular_position.o(i.ReadAngularPosition)
    ReadFromAddress                          0x08001af5   Thumb Code    68  i2c.o(i.ReadFromAddress)
    ReadGyroscope                            0x08001b59   Thumb Code   240  gyroscope.o(i.ReadGyroscope)
    ReadRemoteThrottle                       0x08001c5d   Thumb Code    16  remote_controls.o(i.ReadRemoteThrottle)
    ReadTim3Channel1Pulse                    0x08001c71   Thumb Code     8  pwm.o(i.ReadTim3Channel1Pulse)
    ReadTim3Channel2Pulse                    0x08001c7d   Thumb Code     8  pwm.o(i.ReadTim3Channel2Pulse)
    ReadTim3Channel3Pulse                    0x08001c89   Thumb Code     8  pwm.o(i.ReadTim3Channel3Pulse)
    ReadTim3Channel4Pulse                    0x08001c95   Thumb Code     8  pwm.o(i.ReadTim3Channel4Pulse)
    RecordFloatMetric                        0x08001ca1   Thumb Code    92  analytics.o(i.RecordFloatMetric)
    RecordIntegerMetric                      0x08001d01   Thumb Code    64  analytics.o(i.RecordIntegerMetric)
    RecordPanicMessage                       0x08001d41   Thumb Code    20  analytics.o(i.RecordPanicMessage)
    RecordWarningMessage                     0x08001d65   Thumb Code    20  analytics.o(i.RecordWarningMessage)
    ResetI2C                                 0x08001d89   Thumb Code   156  i2c.o(i.ResetI2C)
    RingBufferPop                            0x08001e41   Thumb Code    52  ring_buffer.o(i.RingBufferPop)
    RingBufferPut                            0x08001e75   Thumb Code    48  ring_buffer.o(i.RingBufferPut)
    SendAddress                              0x08001ea5   Thumb Code    44  i2c.o(i.SendAddress)
    SendData                                 0x08001ee1   Thumb Code    46  i2c.o(i.SendData)
    SendStart                                0x08001f1d   Thumb Code    30  i2c.o(i.SendStart)
    SendStop                                 0x08001f49   Thumb Code    18  i2c.o(i.SendStop)
    SetTim3Channel1                          0x08002019   Thumb Code    34  pwm.o(i.SetTim3Channel1)
    SetTim3Channel2                          0x08002049   Thumb Code    34  pwm.o(i.SetTim3Channel2)
    SetTim3Channel3                          0x08002079   Thumb Code    34  pwm.o(i.SetTim3Channel3)
    SetTim3Channel4                          0x080020a9   Thumb Code    34  pwm.o(i.SetTim3Channel4)
    SysTick_Handler                          0x080020d9   Thumb Code    40  systick.o(i.SysTick_Handler)
    SystemInit                               0x08002109   Thumb Code    74  system_stm32f4xx.o(i.SystemInit)
    TIM1_BRK_TIM9_IRQHandler                 0x080021c9   Thumb Code   164  pwm_input.o(i.TIM1_BRK_TIM9_IRQHandler)
    TIM4_IRQHandler                          0x0800227d   Thumb Code   164  pwm_input.o(i.TIM4_IRQHandler)
    TIM5_IRQHandler                          0x08002331   Thumb Code   164  pwm_input.o(i.TIM5_IRQHandler)
    TIM8_BRK_TIM12_IRQHandler                0x080023e5   Thumb Code   164  pwm_input.o(i.TIM8_BRK_TIM12_IRQHandler)
    TIM_ClearITPendingBit                    0x08002499   Thumb Code     6  stm32f4xx_tim.o(i.TIM_ClearITPendingBit)
    TIM_Cmd                                  0x0800249f   Thumb Code    20  stm32f4xx_tim.o(i.TIM_Cmd)
    TIM_GetCapture1                          0x080024b3   Thumb Code     4  stm32f4xx_tim.o(i.TIM_GetCapture1)
    TIM_GetCapture2                          0x080024b7   Thumb Code     4  stm32f4xx_tim.o(i.TIM_GetCapture2)
    TIM_GetITStatus                          0x080024bb   Thumb Code    24  stm32f4xx_tim.o(i.TIM_GetITStatus)
    TIM_ICInit                               0x080024d3   Thumb Code   172  stm32f4xx_tim.o(i.TIM_ICInit)
    TIM_ITConfig                             0x0800257f   Thumb Code    16  stm32f4xx_tim.o(i.TIM_ITConfig)
    TIM_OC1Init                              0x08002591   Thumb Code    88  stm32f4xx_tim.o(i.TIM_OC1Init)
    TIM_OC1PreloadConfig                     0x080025f1   Thumb Code    12  stm32f4xx_tim.o(i.TIM_OC1PreloadConfig)
    TIM_OC2Init                              0x080025fd   Thumb Code   120  stm32f4xx_tim.o(i.TIM_OC2Init)
    TIM_OC2PreloadConfig                     0x0800267d   Thumb Code    20  stm32f4xx_tim.o(i.TIM_OC2PreloadConfig)
    TIM_OC3Init                              0x08002691   Thumb Code   116  stm32f4xx_tim.o(i.TIM_OC3Init)
    TIM_OC3PreloadConfig                     0x0800270d   Thumb Code    12  stm32f4xx_tim.o(i.TIM_OC3PreloadConfig)
    TIM_OC4Init                              0x08002719   Thumb Code    88  stm32f4xx_tim.o(i.TIM_OC4Init)
    TIM_OC4PreloadConfig                     0x08002779   Thumb Code    20  stm32f4xx_tim.o(i.TIM_OC4PreloadConfig)
    TIM_SelectInputTrigger                   0x0800278d   Thumb Code    12  stm32f4xx_tim.o(i.TIM_SelectInputTrigger)
    TIM_SelectMasterSlaveMode                0x08002799   Thumb Code    16  stm32f4xx_tim.o(i.TIM_SelectMasterSlaveMode)
    TIM_SelectSlaveMode                      0x080027a9   Thumb Code    16  stm32f4xx_tim.o(i.TIM_SelectSlaveMode)
    TIM_SetIC1Prescaler                      0x080027b9   Thumb Code    16  stm32f4xx_tim.o(i.TIM_SetIC1Prescaler)
    TIM_SetIC2Prescaler                      0x080027c9   Thumb Code    24  stm32f4xx_tim.o(i.TIM_SetIC2Prescaler)
    TIM_SetIC3Prescaler                      0x080027e1   Thumb Code    16  stm32f4xx_tim.o(i.TIM_SetIC3Prescaler)
    TIM_SetIC4Prescaler                      0x080027f1   Thumb Code    24  stm32f4xx_tim.o(i.TIM_SetIC4Prescaler)
    TIM_TimeBaseInit                         0x08002809   Thumb Code    96  stm32f4xx_tim.o(i.TIM_TimeBaseInit)
    TimingDelay                              0x08002885   Thumb Code    16  delay.o(i.TimingDelay)
    TurnOff                                  0x08002899   Thumb Code     6  on_board_leds.o(i.TurnOff)
    TurnOn                                   0x080028a5   Thumb Code     6  on_board_leds.o(i.TurnOn)
    USART_Cmd                                0x080028b1   Thumb Code    20  stm32f4xx_usart.o(i.USART_Cmd)
    USART_GetFlagStatus                      0x080028c5   Thumb Code    14  stm32f4xx_usart.o(i.USART_GetFlagStatus)
    USART_Init                               0x080028d5   Thumb Code   164  stm32f4xx_usart.o(i.USART_Init)
    USART_SendData                           0x08002981   Thumb Code     8  stm32f4xx_usart.o(i.USART_SendData)
    UpdateTim3Channel1                       0x08002989   Thumb Code    14  pwm.o(i.UpdateTim3Channel1)
    UpdateTim3Channel2                       0x0800299d   Thumb Code    14  pwm.o(i.UpdateTim3Channel2)
    UpdateTim3Channel3                       0x080029b1   Thumb Code    14  pwm.o(i.UpdateTim3Channel3)
    UpdateTim3Channel4                       0x080029c5   Thumb Code    14  pwm.o(i.UpdateTim3Channel4)
    WaitAFewMillis                           0x080029d9   Thumb Code     8  delay.o(i.WaitAFewMillis)
    WaitAMillisecond                         0x080029e5   Thumb Code     6  delay.o(i.WaitAMillisecond)
    WaitForEvent                             0x080029f1   Thumb Code    54  i2c.o(i.WaitForEvent)
    WriteCharacterToBuffer                   0x08002a4d   Thumb Code     8  analytics.o(i.WriteCharacterToBuffer)
    WriteData                                0x08002a59   Thumb Code    30  serial_output.o(i.WriteData)
    WriteStringToBuffer                      0x08002a7d   Thumb Code    22  analytics.o(i.WriteStringToBuffer)
    __0snprintf$8                            0x08002a99   Thumb Code    44  printf8.o(i.__0snprintf$8)
    __1snprintf$8                            0x08002a99   Thumb Code     0  printf8.o(i.__0snprintf$8)
    __2snprintf                              0x08002a99   Thumb Code     0  printf8.o(i.__0snprintf$8)
    __ARM_fpclassify                         0x08002ac9   Thumb Code    48  fpclassify.o(i.__ARM_fpclassify)
    __hardfp_atan                            0x08002b29   Thumb Code   622  atan.o(i.__hardfp_atan)
    __hardfp_sqrt                            0x08002e01   Thumb Code   122  sqrt.o(i.__hardfp_sqrt)
    __kernel_poly                            0x08002e7b   Thumb Code   248  poly.o(i.__kernel_poly)
    __mathlib_dbl_infnan                     0x08002f73   Thumb Code    20  dunder.o(i.__mathlib_dbl_infnan)
    __mathlib_dbl_underflow                  0x08002f89   Thumb Code    24  dunder.o(i.__mathlib_dbl_underflow)
    __scatterload_copy                       0x08002fa9   Thumb Code    14  handlers.o(i.__scatterload_copy)
    __scatterload_null                       0x08002fb7   Thumb Code     2  handlers.o(i.__scatterload_null)
    __scatterload_zeroinit                   0x08002fb9   Thumb Code    14  handlers.o(i.__scatterload_zeroinit)
    __set_errno                              0x08002fc9   Thumb Code     6  errno.o(i.__set_errno)
    fabs                                     0x0800344d   Thumb Code    24  fabs.o(i.fabs)
    free                                     0x08003465   Thumb Code    76  malloc.o(i.free)
    main                                     0x080034b5   Thumb Code  1350  main.o(i.main)
    malloc                                   0x080039fd   Thumb Code    92  malloc.o(i.malloc)
    modulo_inc                               0x08003a69   Thumb Code    10  ring_buffer.o(i.modulo_inc)
    panicWithValue                           0x08003a75   Thumb Code    82  panic.o(i.panicWithValue)
    warning                                  0x08003ae1   Thumb Code    72  panic.o(i.warning)
    warningWithValue                         0x08003b35   Thumb Code    92  panic.o(i.warningWithValue)
    Region$$Table$$Base                      0x08003c48   Number         0  anon$$obj.o(Region$$Table)
    Region$$Table$$Limit                     0x08003c68   Number         0  anon$$obj.o(Region$$Table)
    SystemCoreClock                          0x20000000   Data           4  system_stm32f4xx.o(.data)
    AHBPrescTable                            0x20000004   Data          16  system_stm32f4xx.o(.data)
    DWT_CYCCNT                               0x20000024   Data           4  delay.o(.data)
    DWT_CONTROL                              0x20000028   Data           4  delay.o(.data)
    SCB_DEMCR                                0x2000002c   Data           4  delay.o(.data)
    isReadingAccelerometer                   0x20000034   Data           1  main.o(.data)
    sensorToggle                             0x20000035   Data           1  main.o(.data)
    isReadingGyroscope                       0x20000036   Data           1  main.o(.data)
    i2cHasProblem                            0x20000037   Data           1  main.o(.data)
    i2cInUse                                 0x20000038   Data           1  main.o(.data)
    i2cTransmitting                          0x20000039   Data           1  main.o(.data)
    i2cMisunderstoodEvents                   0x2000003c   Data           4  main.o(.data)
    peripheralAddress                        0x20000040   Data           1  main.o(.data)
    expectedNumberOfOutgoing                 0x20000041   Data           1  main.o(.data)
    outgoingIndex                            0x20000042   Data           1  main.o(.data)
    expectedNumberOfIncoming                 0x20000043   Data           1  main.o(.data)
    incomingIndex                            0x20000044   Data           1  main.o(.data)
    clearWarningsOnSecondsElapsed            0x20000048   Data           4  main.o(.data)
    channel1Pulse                            0x2000004c   Data           4  main.o(.data)
    channel2Pulse                            0x20000050   Data           4  main.o(.data)
    channel3Pulse                            0x20000054   Data           4  main.o(.data)
    channel4Pulse                            0x20000058   Data           4  main.o(.data)
    throttle                                 0x2000005c   Data           4  main.o(.data)
    remotePidProportional                    0x20000060   Data           4  main.o(.data)
    remotePidIntegral                        0x20000064   Data           4  main.o(.data)
    resetAngularPosition                     0x20000068   Data           4  main.o(.data)
    secondsElapsed                           0x2000006c   Data           4  main.o(.data)
    intermediateMillis                       0x20000070   Data           4  main.o(.data)
    __microlib_freelist                      0x20000078   Data           4  mvars.o(.data)
    __microlib_freelist_initialised          0x2000007c   Data           4  mvars.o(.data)
    accelerometerReading                     0x20000084   Data          40  main.o(.bss)
    metricsRingBuffer                        0x200000ac   Data        2060  main.o(.bss)
    angularPosition                          0x200008b8   Data          12  main.o(.bss)
    gyroscopeReading                         0x200008c4   Data          32  main.o(.bss)
    outgoing                                 0x200008e4   Data          10  main.o(.bss)
    incoming                                 0x200008ee   Data          10  main.o(.bss)
    pwmInputTimer4                           0x200008f8   Data          12  main.o(.bss)
    pwmInputTimer5                           0x20000904   Data          12  main.o(.bss)
    pwmInputTimer9                           0x20000910   Data          12  main.o(.bss)
    pwmInputTimer12                          0x2000091c   Data          12  main.o(.bss)
    RCC_Clocks                               0x20000928   Data          16  pwm_input.o(.bss)
    __heap_base                              0x20000938   Data           0  startup_stm32f40_41xxx.o(HEAP)
    __heap_limit                             0x20000b38   Data           0  startup_stm32f40_41xxx.o(HEAP)
    __initial_sp                             0x20000f38   Data           0  startup_stm32f40_41xxx.o(STACK)



==============================================================================

Memory Map of the image

  Image Entry point : 0x08000189

  Load Region LR_IROM1 (Base: 0x08000000, Size: 0x00003cec, Max: 0x00100000, ABSOLUTE)

    Execution Region ER_IROM1 (Exec base: 0x08000000, Load base: 0x08000000, Size: 0x00003c68, Max: 0x00100000, ABSOLUTE)

    Exec Addr    Load Addr    Size         Type   Attr      Idx    E Section Name        Object

    0x08000000   0x08000000   0x00000188   Data   RO         5129    RESET               startup_stm32f40_41xxx.o
    0x08000188   0x08000188   0x00000000   Code   RO         6103  * .ARM.Collect$$$$00000000  mc_w.l(entry.o)
    0x08000188   0x08000188   0x00000004   Code   RO         6442    .ARM.Collect$$$$00000001  mc_w.l(entry2.o)
    0x0800018c   0x0800018c   0x00000004   Code   RO         6445    .ARM.Collect$$$$00000004  mc_w.l(entry5.o)
    0x08000190   0x08000190   0x00000000   Code   RO         6447    .ARM.Collect$$$$00000008  mc_w.l(entry7b.o)
    0x08000190   0x08000190   0x00000000   Code   RO         6449    .ARM.Collect$$$$0000000A  mc_w.l(entry8b.o)
    0x08000190   0x08000190   0x00000008   Code   RO         6450    .ARM.Collect$$$$0000000B  mc_w.l(entry9a.o)
    0x08000198   0x08000198   0x00000000   Code   RO         6452    .ARM.Collect$$$$0000000D  mc_w.l(entry10a.o)
    0x08000198   0x08000198   0x00000000   Code   RO         6454    .ARM.Collect$$$$0000000F  mc_w.l(entry11a.o)
    0x08000198   0x08000198   0x00000004   Code   RO         6443    .ARM.Collect$$$$00002712  mc_w.l(entry2.o)
    0x0800019c   0x0800019c   0x00000024   Code   RO         5130    .text               startup_stm32f40_41xxx.o
    0x080001c0   0x080001c0   0x00000024   Code   RO         6106    .text               mc_w.l(rand.o)
    0x080001e4   0x080001e4   0x00000024   Code   RO         6109    .text               mc_w.l(memcpya.o)
    0x08000208   0x08000208   0x00000024   Code   RO         6111    .text               mc_w.l(memseta.o)
    0x0800022c   0x0800022c   0x0000000e   Code   RO         6113    .text               mc_w.l(strlen.o)
    0x0800023a   0x0800023a   0x0000014e   Code   RO         6406    .text               mf_w.l(dadd.o)
    0x08000388   0x08000388   0x000000e4   Code   RO         6408    .text               mf_w.l(dmul.o)
    0x0800046c   0x0800046c   0x000000de   Code   RO         6410    .text               mf_w.l(ddiv.o)
    0x0800054a   0x0800054a   0x00000022   Code   RO         6412    .text               mf_w.l(dflti.o)
    0x0800056c   0x0800056c   0x00000026   Code   RO         6414    .text               mf_w.l(f2d.o)
    0x08000592   0x08000592   0x00000038   Code   RO         6416    .text               mf_w.l(d2f.o)
    0x080005ca   0x080005ca   0x00000062   Code   RO         6461    .text               mc_w.l(uldiv.o)
    0x0800062c   0x0800062c   0x0000001e   Code   RO         6463    .text               mc_w.l(llshl.o)
    0x0800064a   0x0800064a   0x00000024   Code   RO         6465    .text               mc_w.l(llsshr.o)
    0x0800066e   0x0800066e   0x00000000   Code   RO         6476    .text               mc_w.l(iusefp.o)
    0x0800066e   0x0800066e   0x0000006e   Code   RO         6477    .text               mf_w.l(fepilogue.o)
    0x080006dc   0x080006dc   0x000000ba   Code   RO         6479    .text               mf_w.l(depilogue.o)
    0x08000796   0x08000796   0x000000a2   Code   RO         6483    .text               mf_w.l(dsqrt.o)
    0x08000838   0x08000838   0x00000024   Code   RO         6491    .text               mc_w.l(init.o)
    0x0800085c   0x0800085c   0x00000020   Code   RO         6494    .text               mc_w.l(llushr.o)
    0x0800087c   0x0800087c   0x000000d0   Code   RO         5911    i.CalculatePercentageOfMaximum  remote_controls.o
    0x0800094c   0x0800094c   0x00000068   Code   RO         5721    i.CalculatePidAdjustment  pid.o
    0x080009b4   0x080009b4   0x00000028   Code   RO         5657    i.ClearWarnings     panic.o
    0x080009dc   0x080009dc   0x0000002c   Code   RO         5321    i.EnableTiming      delay.o
    0x08000a08   0x08000a08   0x00000024   Code   RO         5192    i.FlushAllMetrics   analytics.o
    0x08000a2c   0x08000a2c   0x00000028   Code   RO         5193    i.FlushMetrics      analytics.o
    0x08000a54   0x08000a54   0x000000a2   Code   RO         4801    i.GPIO_Init         stm32f4xx_gpio.o
    0x08000af6   0x08000af6   0x00000020   Code   RO         4802    i.GPIO_PinAFConfig  stm32f4xx_gpio.o
    0x08000b16   0x08000b16   0x00000004   Code   RO         4808    i.GPIO_ResetBits    stm32f4xx_gpio.o
    0x08000b1a   0x08000b1a   0x00000004   Code   RO         4809    i.GPIO_SetBits      stm32f4xx_gpio.o
    0x08000b1e   0x08000b1e   0x00000002   PAD
    0x08000b20   0x08000b20   0x00000140   Code   RO         5401    i.I2C1_ER_IRQHandler  i2c.o
    0x08000c60   0x08000c60   0x0000017c   Code   RO         5402    i.I2C1_EV_IRQHandler  i2c.o
    0x08000ddc   0x08000ddc   0x00000014   Code   RO         3054    i.I2C_AcknowledgeConfig  stm32f4xx_i2c.o
    0x08000df0   0x08000df0   0x00000018   Code   RO         3057    i.I2C_CheckEvent    stm32f4xx_i2c.o
    0x08000e08   0x08000e08   0x00000006   Code   RO         3059    i.I2C_ClearITPendingBit  stm32f4xx_i2c.o
    0x08000e0e   0x08000e0e   0x00000014   Code   RO         3060    i.I2C_Cmd           stm32f4xx_i2c.o
    0x08000e22   0x08000e22   0x00000014   Code   RO         3068    i.I2C_GenerateSTART  stm32f4xx_i2c.o
    0x08000e36   0x08000e36   0x00000014   Code   RO         3069    i.I2C_GenerateSTOP  stm32f4xx_i2c.o
    0x08000e4a   0x08000e4a   0x0000002a   Code   RO         3070    i.I2C_GetFlagStatus  stm32f4xx_i2c.o
    0x08000e74   0x08000e74   0x00000024   Code   RO         3071    i.I2C_GetITStatus   stm32f4xx_i2c.o
    0x08000e98   0x08000e98   0x0000000e   Code   RO         3072    i.I2C_GetLastEvent  stm32f4xx_i2c.o
    0x08000ea6   0x08000ea6   0x00000010   Code   RO         3074    i.I2C_ITConfig      stm32f4xx_i2c.o
    0x08000eb6   0x08000eb6   0x00000002   PAD
    0x08000eb8   0x08000eb8   0x000000b8   Code   RO         3075    i.I2C_Init          stm32f4xx_i2c.o
    0x08000f70   0x08000f70   0x00000006   Code   RO         3080    i.I2C_ReceiveData   stm32f4xx_i2c.o
    0x08000f76   0x08000f76   0x00000010   Code   RO         3082    i.I2C_Send7bitAddress  stm32f4xx_i2c.o
    0x08000f86   0x08000f86   0x00000004   Code   RO         3083    i.I2C_SendData      stm32f4xx_i2c.o
    0x08000f8a   0x08000f8a   0x00000014   Code   RO         3084    i.I2C_SoftwareResetCmd  stm32f4xx_i2c.o
    0x08000f9e   0x08000f9e   0x00000014   Code   RO         3085    i.I2C_StretchClockCmd  stm32f4xx_i2c.o
    0x08000fb2   0x08000fb2   0x00000002   PAD
    0x08000fb4   0x08000fb4   0x000000f4   Code   RO         5137    i.InitialiseAccelerometer  accelerometer.o
    0x080010a8   0x080010a8   0x00000014   Code   RO         5194    i.InitialiseAnalytics  analytics.o
    0x080010bc   0x080010bc   0x00000034   Code   RO         5270    i.InitialiseAngularPosition  angular_position.o
    0x080010f0   0x080010f0   0x000000cc   Code   RO         5363    i.InitialiseGyroscope  gyroscope.o
    0x080011bc   0x080011bc   0x000000f0   Code   RO         5403    i.InitialiseI2C     i2c.o
    0x080012ac   0x080012ac   0x00000034   Code   RO         5618    i.InitialiseLeds    on_board_leds.o
    0x080012e0   0x080012e0   0x0000007c   Code   RO         5750    i.InitialisePWM     pwm.o
    0x0800135c   0x0800135c   0x0000010c   Code   RO         5751    i.InitialisePWMChannel  pwm.o
    0x08001468   0x08001468   0x0000000c   Code   RO         5658    i.InitialisePanicButton  panic.o
    0x08001474   0x08001474   0x00000024   Code   RO         5722    i.InitialisePid     pid.o
    0x08001498   0x08001498   0x00000074   Code   RO         5912    i.InitialiseRemoteControls  remote_controls.o
    0x0800150c   0x0800150c   0x00000008   Code   RO         5965    i.InitialiseRingBuffer  ring_buffer.o
    0x08001514   0x08001514   0x00000088   Code   RO         6016    i.InitialiseSerialOutput  serial_output.o
    0x0800159c   0x0800159c   0x00000048   Code   RO         6046    i.InitialiseSysTick  systick.o
    0x080015e4   0x080015e4   0x00000194   Code   RO         5852    i.MeasurePWMInput   pwm_input.o
    0x08001778   0x08001778   0x00000064   Code   RO         3791    i.NVIC_Init         misc.o
    0x080017dc   0x080017dc   0x00000018   Code   RO         4474    i.RCC_AHB1PeriphClockCmd  stm32f4xx_rcc.o
    0x080017f4   0x080017f4   0x00000018   Code   RO         4483    i.RCC_APB1PeriphClockCmd  stm32f4xx_rcc.o
    0x0800180c   0x0800180c   0x00000018   Code   RO         4486    i.RCC_APB2PeriphClockCmd  stm32f4xx_rcc.o
    0x08001824   0x08001824   0x00000090   Code   RO         4495    i.RCC_GetClocksFreq  stm32f4xx_rcc.o
    0x080018b4   0x080018b4   0x000001cc   Code   RO         5138    i.ReadAccelerometer  accelerometer.o
    0x08001a80   0x08001a80   0x00000074   Code   RO         5271    i.ReadAngularPosition  angular_position.o
    0x08001af4   0x08001af4   0x00000064   Code   RO         5404    i.ReadFromAddress   i2c.o
    0x08001b58   0x08001b58   0x00000104   Code   RO         5364    i.ReadGyroscope     gyroscope.o
    0x08001c5c   0x08001c5c   0x00000014   Code   RO         5915    i.ReadRemoteThrottle  remote_controls.o
    0x08001c70   0x08001c70   0x0000000c   Code   RO         5752    i.ReadTim3Channel1Pulse  pwm.o
    0x08001c7c   0x08001c7c   0x0000000c   Code   RO         5753    i.ReadTim3Channel2Pulse  pwm.o
    0x08001c88   0x08001c88   0x0000000c   Code   RO         5754    i.ReadTim3Channel3Pulse  pwm.o
    0x08001c94   0x08001c94   0x0000000c   Code   RO         5755    i.ReadTim3Channel4Pulse  pwm.o
    0x08001ca0   0x08001ca0   0x00000060   Code   RO         5195    i.RecordFloatMetric  analytics.o
    0x08001d00   0x08001d00   0x00000040   Code   RO         5196    i.RecordIntegerMetric  analytics.o
    0x08001d40   0x08001d40   0x00000024   Code   RO         5197    i.RecordPanicMessage  analytics.o
    0x08001d64   0x08001d64   0x00000024   Code   RO         5198    i.RecordWarningMessage  analytics.o
    0x08001d88   0x08001d88   0x000000b8   Code   RO         5405    i.ResetI2C          i2c.o
    0x08001e40   0x08001e40   0x00000034   Code   RO         5968    i.RingBufferPop     ring_buffer.o
    0x08001e74   0x08001e74   0x00000030   Code   RO         5969    i.RingBufferPut     ring_buffer.o
    0x08001ea4   0x08001ea4   0x0000003c   Code   RO         5406    i.SendAddress       i2c.o
    0x08001ee0   0x08001ee0   0x0000003c   Code   RO         5407    i.SendData          i2c.o
    0x08001f1c   0x08001f1c   0x0000002c   Code   RO         5408    i.SendStart         i2c.o
    0x08001f48   0x08001f48   0x0000001c   Code   RO         5409    i.SendStop          i2c.o
    0x08001f64   0x08001f64   0x000000b4   Code   RO            4    i.SetSysClock       system_stm32f4xx.o
    0x08002018   0x08002018   0x00000030   Code   RO         5756    i.SetTim3Channel1   pwm.o
    0x08002048   0x08002048   0x00000030   Code   RO         5757    i.SetTim3Channel2   pwm.o
    0x08002078   0x08002078   0x00000030   Code   RO         5758    i.SetTim3Channel3   pwm.o
    0x080020a8   0x080020a8   0x00000030   Code   RO         5759    i.SetTim3Channel4   pwm.o
    0x080020d8   0x080020d8   0x00000030   Code   RO         6047    i.SysTick_Handler   systick.o
    0x08002108   0x08002108   0x0000005c   Code   RO            6    i.SystemInit        system_stm32f4xx.o
    0x08002164   0x08002164   0x0000002e   Code   RO         1592    i.TI1_Config        stm32f4xx_tim.o
    0x08002192   0x08002192   0x00000036   Code   RO         1593    i.TI2_Config        stm32f4xx_tim.o
    0x080021c8   0x080021c8   0x000000b4   Code   RO         5853    i.TIM1_BRK_TIM9_IRQHandler  pwm_input.o
    0x0800227c   0x0800227c   0x000000b4   Code   RO         5854    i.TIM4_IRQHandler   pwm_input.o
    0x08002330   0x08002330   0x000000b4   Code   RO         5855    i.TIM5_IRQHandler   pwm_input.o
    0x080023e4   0x080023e4   0x000000b4   Code   RO         5856    i.TIM8_BRK_TIM12_IRQHandler  pwm_input.o
    0x08002498   0x08002498   0x00000006   Code   RO         1601    i.TIM_ClearITPendingBit  stm32f4xx_tim.o
    0x0800249e   0x0800249e   0x00000014   Code   RO         1606    i.TIM_Cmd           stm32f4xx_tim.o
    0x080024b2   0x080024b2   0x00000004   Code   RO         1621    i.TIM_GetCapture1   stm32f4xx_tim.o
    0x080024b6   0x080024b6   0x00000004   Code   RO         1622    i.TIM_GetCapture2   stm32f4xx_tim.o
    0x080024ba   0x080024ba   0x00000018   Code   RO         1627    i.TIM_GetITStatus   stm32f4xx_tim.o
    0x080024d2   0x080024d2   0x000000ac   Code   RO         1629    i.TIM_ICInit        stm32f4xx_tim.o
    0x0800257e   0x0800257e   0x00000010   Code   RO         1631    i.TIM_ITConfig      stm32f4xx_tim.o
    0x0800258e   0x0800258e   0x00000002   PAD
    0x08002590   0x08002590   0x00000060   Code   RO         1635    i.TIM_OC1Init       stm32f4xx_tim.o
    0x080025f0   0x080025f0   0x0000000c   Code   RO         1638    i.TIM_OC1PreloadConfig  stm32f4xx_tim.o
    0x080025fc   0x080025fc   0x00000080   Code   RO         1640    i.TIM_OC2Init       stm32f4xx_tim.o
    0x0800267c   0x0800267c   0x00000014   Code   RO         1643    i.TIM_OC2PreloadConfig  stm32f4xx_tim.o
    0x08002690   0x08002690   0x0000007c   Code   RO         1645    i.TIM_OC3Init       stm32f4xx_tim.o
    0x0800270c   0x0800270c   0x0000000c   Code   RO         1648    i.TIM_OC3PreloadConfig  stm32f4xx_tim.o
    0x08002718   0x08002718   0x00000060   Code   RO         1650    i.TIM_OC4Init       stm32f4xx_tim.o
    0x08002778   0x08002778   0x00000014   Code   RO         1652    i.TIM_OC4PreloadConfig  stm32f4xx_tim.o
    0x0800278c   0x0800278c   0x0000000c   Code   RO         1660    i.TIM_SelectInputTrigger  stm32f4xx_tim.o
    0x08002798   0x08002798   0x00000010   Code   RO         1661    i.TIM_SelectMasterSlaveMode  stm32f4xx_tim.o
    0x080027a8   0x080027a8   0x00000010   Code   RO         1665    i.TIM_SelectSlaveMode  stm32f4xx_tim.o
    0x080027b8   0x080027b8   0x00000010   Code   RO         1673    i.TIM_SetIC1Prescaler  stm32f4xx_tim.o
    0x080027c8   0x080027c8   0x00000018   Code   RO         1674    i.TIM_SetIC2Prescaler  stm32f4xx_tim.o
    0x080027e0   0x080027e0   0x00000010   Code   RO         1675    i.TIM_SetIC3Prescaler  stm32f4xx_tim.o
    0x080027f0   0x080027f0   0x00000018   Code   RO         1676    i.TIM_SetIC4Prescaler  stm32f4xx_tim.o
    0x08002808   0x08002808   0x0000007c   Code   RO         1678    i.TIM_TimeBaseInit  stm32f4xx_tim.o
    0x08002884   0x08002884   0x00000014   Code   RO         5322    i.TimingDelay       delay.o
    0x08002898   0x08002898   0x0000000c   Code   RO         5619    i.TurnOff           on_board_leds.o
    0x080028a4   0x080028a4   0x0000000c   Code   RO         5620    i.TurnOn            on_board_leds.o
    0x080028b0   0x080028b0   0x00000014   Code   RO         3309    i.USART_Cmd         stm32f4xx_usart.o
    0x080028c4   0x080028c4   0x0000000e   Code   RO         3312    i.USART_GetFlagStatus  stm32f4xx_usart.o
    0x080028d2   0x080028d2   0x00000002   PAD
    0x080028d4   0x080028d4   0x000000ac   Code   RO         3316    i.USART_Init        stm32f4xx_usart.o
    0x08002980   0x08002980   0x00000008   Code   RO         3326    i.USART_SendData    stm32f4xx_usart.o
    0x08002988   0x08002988   0x00000014   Code   RO         5760    i.UpdateTim3Channel1  pwm.o
    0x0800299c   0x0800299c   0x00000014   Code   RO         5761    i.UpdateTim3Channel2  pwm.o
    0x080029b0   0x080029b0   0x00000014   Code   RO         5762    i.UpdateTim3Channel3  pwm.o
    0x080029c4   0x080029c4   0x00000014   Code   RO         5763    i.UpdateTim3Channel4  pwm.o
    0x080029d8   0x080029d8   0x0000000c   Code   RO         5323    i.WaitAFewMillis    delay.o
    0x080029e4   0x080029e4   0x0000000c   Code   RO         5324    i.WaitAMillisecond  delay.o
    0x080029f0   0x080029f0   0x0000005c   Code   RO         5410    i.WaitForEvent      i2c.o
    0x08002a4c   0x08002a4c   0x0000000c   Code   RO         5199    i.WriteCharacterToBuffer  analytics.o
    0x08002a58   0x08002a58   0x00000024   Code   RO         6017    i.WriteData         serial_output.o
    0x08002a7c   0x08002a7c   0x0000001c   Code   RO         5200    i.WriteStringToBuffer  analytics.o
    0x08002a98   0x08002a98   0x00000030   Code   RO         6325    i.__0snprintf$8     mc_w.l(printf8.o)
    0x08002ac8   0x08002ac8   0x00000030   Code   RO         6438    i.__ARM_fpclassify  m_wm.l(fpclassify.o)
    0x08002af8   0x08002af8   0x0000000c   Code   RO         5139    i.__ARM_isnanf      accelerometer.o
    0x08002b04   0x08002b04   0x0000000c   Code   RO         5365    i.__ARM_isnanf      gyroscope.o
    0x08002b10   0x08002b10   0x0000000c   Code   RO         5723    i.__ARM_isnanf      pid.o
    0x08002b1c   0x08002b1c   0x0000000c   Code   RO         5857    i.__ARM_isnanf      pwm_input.o
    0x08002b28   0x08002b28   0x000002d8   Code   RO         6077    i.__hardfp_atan     m_wm.l(atan.o)
    0x08002e00   0x08002e00   0x0000007a   Code   RO         6091    i.__hardfp_sqrt     m_wm.l(sqrt.o)
    0x08002e7a   0x08002e7a   0x000000f8   Code   RO         6440    i.__kernel_poly     m_wm.l(poly.o)
    0x08002f72   0x08002f72   0x00000014   Code   RO         6419    i.__mathlib_dbl_infnan  m_wm.l(dunder.o)
    0x08002f86   0x08002f86   0x00000002   PAD
    0x08002f88   0x08002f88   0x00000020   Code   RO         6424    i.__mathlib_dbl_underflow  m_wm.l(dunder.o)
    0x08002fa8   0x08002fa8   0x0000000e   Code   RO         6499    i.__scatterload_copy  mc_w.l(handlers.o)
    0x08002fb6   0x08002fb6   0x00000002   Code   RO         6500    i.__scatterload_null  mc_w.l(handlers.o)
    0x08002fb8   0x08002fb8   0x0000000e   Code   RO         6501    i.__scatterload_zeroinit  mc_w.l(handlers.o)
    0x08002fc6   0x08002fc6   0x00000002   PAD
    0x08002fc8   0x08002fc8   0x0000000c   Code   RO         6471    i.__set_errno       mc_w.l(errno.o)
    0x08002fd4   0x08002fd4   0x00000410   Code   RO         6331    i._printf_core      mc_w.l(printf8.o)
    0x080033e4   0x080033e4   0x00000024   Code   RO         6332    i._printf_post_padding  mc_w.l(printf8.o)
    0x08003408   0x08003408   0x0000002e   Code   RO         6333    i._printf_pre_padding  mc_w.l(printf8.o)
    0x08003436   0x08003436   0x00000016   Code   RO         6334    i._snputc           mc_w.l(printf8.o)
    0x0800344c   0x0800344c   0x00000018   Code   RO         6434    i.fabs              m_wm.l(fabs.o)
    0x08003464   0x08003464   0x00000050   Code   RO         6378    i.free              mc_w.l(malloc.o)
    0x080034b4   0x080034b4   0x00000546   Code   RO         5525    i.main              main.o
    0x080039fa   0x080039fa   0x00000002   PAD
    0x080039fc   0x080039fc   0x0000006c   Code   RO         6379    i.malloc            mc_w.l(malloc.o)
    0x08003a68   0x08003a68   0x0000000a   Code   RO         5971    i.modulo_inc        ring_buffer.o
    0x08003a72   0x08003a72   0x00000002   PAD
    0x08003a74   0x08003a74   0x0000006c   Code   RO         5660    i.panicWithValue    panic.o
    0x08003ae0   0x08003ae0   0x00000054   Code   RO         5661    i.warning           panic.o
    0x08003b34   0x08003b34   0x0000007c   Code   RO         5662    i.warningWithValue  panic.o
    0x08003bb0   0x08003bb0   0x00000098   Data   RO         6080    .constdata          m_wm.l(atan.o)
    0x08003c48   0x08003c48   0x00000020   Data   RO         6497    Region$$Table       anon$$obj.o


    Execution Region RW_IRAM1 (Exec base: 0x20000000, Load base: 0x08003c68, Size: 0x00000f38, Max: 0x00020000, ABSOLUTE)

    Exec Addr    Load Addr    Size         Type   Attr      Idx    E Section Name        Object

    0x20000000   0x08003c68   0x00000014   Data   RW            7    .data               system_stm32f4xx.o
    0x20000014   0x08003c7c   0x00000010   Data   RW         4520    .data               stm32f4xx_rcc.o
    0x20000024   0x08003c8c   0x00000010   Data   RW         5326    .data               delay.o
    0x20000034   0x08003c9c   0x00000001   Data   RW         5533    .data               main.o
    0x20000035   0x08003c9d   0x00000001   Data   RW         5534    .data               main.o
    0x20000036   0x08003c9e   0x00000001   Data   RW         5535    .data               main.o
    0x20000037   0x08003c9f   0x00000001   Data   RW         5536    .data               main.o
    0x20000038   0x08003ca0   0x00000001   Data   RW         5537    .data               main.o
    0x20000039   0x08003ca1   0x00000001   Data   RW         5538    .data               main.o
    0x2000003a   0x08003ca2   0x00000002   PAD
    0x2000003c   0x08003ca4   0x00000004   Data   RW         5539    .data               main.o
    0x20000040   0x08003ca8   0x00000001   Data   RW         5540    .data               main.o
    0x20000041   0x08003ca9   0x00000001   Data   RW         5541    .data               main.o
    0x20000042   0x08003caa   0x00000001   Data   RW         5542    .data               main.o
    0x20000043   0x08003cab   0x00000001   Data   RW         5543    .data               main.o
    0x20000044   0x08003cac   0x00000001   Data   RW         5544    .data               main.o
    0x20000045   0x08003cad   0x00000003   PAD
    0x20000048   0x08003cb0   0x00000004   Data   RW         5546    .data               main.o
    0x2000004c   0x08003cb4   0x00000004   Data   RW         5547    .data               main.o
    0x20000050   0x08003cb8   0x00000004   Data   RW         5548    .data               main.o
    0x20000054   0x08003cbc   0x00000004   Data   RW         5549    .data               main.o
    0x20000058   0x08003cc0   0x00000004   Data   RW         5550    .data               main.o
    0x2000005c   0x08003cc4   0x00000004   Data   RW         5551    .data               main.o
    0x20000060   0x08003cc8   0x00000004   Data   RW         5552    .data               main.o
    0x20000064   0x08003ccc   0x00000004   Data   RW         5553    .data               main.o
    0x20000068   0x08003cd0   0x00000004   Data   RW         5554    .data               main.o
    0x2000006c   0x08003cd4   0x00000008   Data   RW         5555    .data               main.o
    0x20000074   0x08003cdc   0x00000004   Data   RW         6107    .data               mc_w.l(rand.o)
    0x20000078   0x08003ce0   0x00000004   Data   RW         6467    .data               mc_w.l(mvars.o)
    0x2000007c   0x08003ce4   0x00000004   Data   RW         6468    .data               mc_w.l(mvars.o)
    0x20000080   0x08003ce8   0x00000004   Data   RW         6472    .data               mc_w.l(errno.o)
    0x20000084        -       0x00000860   Zero   RW         5526    .bss                main.o
    0x200008e4        -       0x0000000a   Zero   RW         5527    .bss                main.o
    0x200008ee        -       0x0000000a   Zero   RW         5528    .bss                main.o
    0x200008f8        -       0x0000000c   Zero   RW         5529    .bss                main.o
    0x20000904        -       0x0000000c   Zero   RW         5530    .bss                main.o
    0x20000910        -       0x0000000c   Zero   RW         5531    .bss                main.o
    0x2000091c        -       0x0000000c   Zero   RW         5532    .bss                main.o
    0x20000928        -       0x00000010   Zero   RW         5858    .bss                pwm_input.o
    0x20000938        -       0x00000200   Zero   RW         5128    HEAP                startup_stm32f40_41xxx.o
    0x20000b38        -       0x00000400   Zero   RW         5127    STACK               startup_stm32f40_41xxx.o


==============================================================================

Image component sizes


      Code (inc. data)   RO Data    RW Data    ZI Data      Debug   Object Name

       716         60          0          0          0       7021   accelerometer.o
       368         58          0          0          0      11298   analytics.o
       168         40          0          0          0       1346   angular_position.o
        88         18          0         16          0       3056   delay.o
       476         36          0          0          0       2394   gyroscope.o
      1508        438          0          0          0      12478   i2c.o
      1350         76          0         59       2212       8451   main.o
       100          4          0          0          0       3224   misc.o
        76         16          0          0          0       1760   on_board_leds.o
       368         82          0          0          0       3462   panic.o
       152          8          0          0          0       2685   pid.o
       712        174          0          0          0       9201   pwm.o
      1136        106          0          0         16       6162   pwm_input.o
       344         90          0          0          0       2239   remote_controls.o
       118          0          0          0          0       3112   ring_buffer.o
       172         14          0          0          0       1405   serial_output.o
        36          8        392          0       1536       1036   startup_stm32f40_41xxx.o
         0          0          0          0          0      15660   stm32f4xx_dfsdm.o
         0          0          0          0          0      50816   stm32f4xx_flash.o
       202          0          0          0          0      11031   stm32f4xx_gpio.o
       468         10          0          0          0      21433   stm32f4xx_i2c.o
       216         30          0         16          0       5711   stm32f4xx_rcc.o
      1102         60          0          0          0      41320   stm32f4xx_tim.o
       214          8          0          0          0      10444   stm32f4xx_usart.o
       272         36          0         20          0     243729   system_stm32f4xx.o
       120         24          0          0          0      31405   systick.o

    ----------------------------------------------------------------------
     10496       1396        424        116       3764     511879   Object Totals
         0          0         32          0          0          0   (incl. Generated)
        14          0          0          5          0          0   (incl. Padding)

    ----------------------------------------------------------------------

      Code (inc. data)   RO Data    RW Data    ZI Data      Debug   Library Member Name

       728        106        152          0          0        228   atan.o
        52          8          0          0          0        248   dunder.o
        24          0          0          0          0        124   fabs.o
        48          0          0          0          0        124   fpclassify.o
       248          0          0          0          0        152   poly.o
       122          0          0          0          0        148   sqrt.o
         0          0          0          0          0          0   entry.o
         0          0          0          0          0          0   entry10a.o
         0          0          0          0          0          0   entry11a.o
         8          4          0          0          0          0   entry2.o
         4          0          0          0          0          0   entry5.o
         0          0          0          0          0          0   entry7b.o
         0          0          0          0          0          0   entry8b.o
         8          4          0          0          0          0   entry9a.o
        12          6          0          4          0         68   errno.o
        30          0          0          0          0          0   handlers.o
        36          8          0          0          0         68   init.o
         0          0          0          0          0          0   iusefp.o
        30          0          0          0          0         68   llshl.o
        36          0          0          0          0         68   llsshr.o
        32          0          0          0          0         68   llushr.o
       188         20          0          0          0        160   malloc.o
        36          0          0          0          0         68   memcpya.o
        36          0          0          0          0        108   memseta.o
         0          0          0          8          0          0   mvars.o
      1192         48          0          0          0        420   printf8.o
        36         10          0          4          0        136   rand.o
        14          0          0          0          0         68   strlen.o
        98          0          0          0          0         92   uldiv.o
        56          0          0          0          0         88   d2f.o
       334          0          0          0          0        148   dadd.o
       222          0          0          0          0        100   ddiv.o
       186          0          0          0          0        176   depilogue.o
        34          0          0          0          0         76   dflti.o
       228          0          0          0          0         96   dmul.o
       162          0          0          0          0        100   dsqrt.o
        38          0          0          0          0         68   f2d.o
       110          0          0          0          0        168   fepilogue.o

    ----------------------------------------------------------------------
      4392        214        152         16          0       3436   Library Totals
         4          0          0          0          0          0   (incl. Padding)

    ----------------------------------------------------------------------

      Code (inc. data)   RO Data    RW Data    ZI Data      Debug   Library Name

      1222        114        152          0          0       1024   m_wm.l
      1796        100          0         16          0       1392   mc_w.l
      1370          0          0          0          0       1020   mf_w.l

    ----------------------------------------------------------------------
      4392        214        152         16          0       3436   Library Totals

    ----------------------------------------------------------------------

==============================================================================


      Code (inc. data)   RO Data    RW Data    ZI Data      Debug   

     14888       1610        576        132       3764     501471   Grand Totals
     14888       1610        576        132       3764     501471   ELF Image Totals
     14888       1610        576        132          0          0   ROM Totals

==============================================================================

    Total RO  Size (Code + RO Data)                15464 (  15.10kB)
    Total RW  Size (RW Data + ZI Data)              3896 (   3.80kB)
    Total ROM Size (Code + RO Data + RW Data)      15596 (  15.23kB)

==============================================================================

