<html>
<body>
<pre>
<h1>µVision Build Log</h1>
<h2>Tool Versions:</h2>
IDE-Version: µVision V5.28.0.0
Copyright (C) 2019 ARM Ltd and ARM Germany GmbH. All rights reserved.
License Information: Phan Thanh Hung, PTH Company, LIC=----
 
Tool Versions:
Toolchain:       MDK-Lite  Version: 5.28.0.0
Toolchain Path:  C:\Keil_v5\ARM\ARMCC\Bin
C Compiler:      Armcc.exe V5.06 update 6 (build 750)
Assembler:       Armasm.exe V5.06 update 6 (build 750)
Linker/Locator:  ArmLink.exe V5.06 update 6 (build 750)
Library Manager: ArmAr.exe V5.06 update 6 (build 750)
Hex Converter:   FromElf.exe V5.06 update 6 (build 750)
CPU DLL:         SARMCM3.DLL V5.28.0.0
Dialog DLL:      DCM.DLL V1.17.3.0
Target DLL:      STLink\ST-LINKIII-KEIL_SWO.dll V3.0.6.0
Dialog DLL:      TCM.DLL V1.36.2.0
 
<h2>Project:</h2>
D:\Project_STM32\en.stm32f4_dsp_stdperiph_lib\STM32F4xx_DSP_StdPeriph_Lib_V1.8.0\Project\STM32F4xx_StdPeriph_Templates_Quadcopter\MDK-ARM\Project.uvprojx
Project File Date:  12/15/2019

<h2>Output:</h2>
*** Using Compiler 'V5.06 update 6 (build 750)', folder: 'C:\Keil_v5\ARM\ARMCC\Bin'
Build target 'STM32F40_41xxx'
compiling main.c...
..\src\main.c(90): warning:  #1035-D: single-precision operand implicitly converted to double-precision
  			if (armingSequenceStep == ARMING_SEQUENCE_LOW_THROTTLE_REQUIRED && thrust == 0.0) {
..\src\main.c(94): warning:  #1035-D: single-precision operand implicitly converted to double-precision
  			} else if (armingSequenceStep == ARMING_SEQUENCE_HIGH_THROTTLE_REQUIRED && thrust == 100.0) {
..\src\main.c(98): warning:  #1035-D: single-precision operand implicitly converted to double-precision
  			} else if (armingSequenceStep == ARMING_SEQUENCE_LOW_THROTTLE_REQUIRED_AGAIN && thrust == 0.0) {
..\src\main.c(131): warning:  #1035-D: single-precision operand implicitly converted to double-precision
  			if (armingSequenceStep == ARMING_SEQUENCE_LOW_THROTTLE_REQUIRED && thrust == 0.0) {
..\src\main.c(135): warning:  #1035-D: single-precision operand implicitly converted to double-precision
  			} else if (armingSequenceStep == ARMING_SEQUENCE_HIGH_THROTTLE_REQUIRED && thrust == 100.0) {
..\src\main.c(139): warning:  #1035-D: single-precision operand implicitly converted to double-precision
  			} else if (armingSequenceStep == ARMING_SEQUENCE_LOW_THROTTLE_REQUIRED_AGAIN && thrust == 0.0) {
..\src\main.c(151): warning:  #1035-D: single-precision operand implicitly converted to double-precision
  			if (xAdjustment > PID_MAXIMUM_BOUND) { xAdjustment = PID_MAXIMUM_BOUND; }
..\src\main.c(153): warning:  #1035-D: single-precision operand implicitly converted to double-precision
  			if (yAdjustment > PID_MAXIMUM_BOUND) { yAdjustment = PID_MAXIMUM_BOUND; }
..\src\main.c(155): warning:  #1035-D: single-precision operand implicitly converted to double-precision
  			if (thrust == 0.0) {
..\src\main.c(163): warning:  #1035-D: single-precision operand implicitly converted to double-precision
  				baseMotorSpeed = MOTOR_SPEED_REQUIRED_FOR_LIFT + (THROTTLE_SENSITIVITY * (thrust - 50.0));
..\src\main.c: 10 warnings, 0 errors
linking...
Program Size: Code=14880 RO-data=576 RW-data=132 ZI-data=3764  
FromELF: creating hex file...
"STM32F40_41xxx\STM32F40_41xxx.axf" - 0 Error(s), 10 Warning(s).

<h2>Software Packages used:</h2>

Package Vendor: ARM
                http://www.keil.com/pack/ARM.CMSIS.5.6.0.pack
                ARM.CMSIS.5.6.0
                CMSIS (Cortex Microcontroller Software Interface Standard)
   * Component: CORE Version: 5.3.0

Package Vendor: Keil
                http://www.keil.com/pack/Keil.STM32F4xx_DFP.2.14.0.pack
                Keil.STM32F4xx_DFP.2.14.0
                STMicroelectronics STM32F4 Series Device Support, Drivers and Examples

<h2>Collection of Component include folders:</h2>
  .\RTE\_STM32F40_41xxx
  C:\Users\PC\AppData\Local\Arm\Packs\ARM\CMSIS\5.6.0\CMSIS\Core\Include
  C:\Users\PC\AppData\Local\Arm\Packs\Keil\STM32F4xx_DFP\2.14.0\Drivers\CMSIS\Device\ST\STM32F4xx\Include

<h2>Collection of Component Files used:</h2>

   * Component: ARM::CMSIS:CORE:5.3.0
Build Time Elapsed:  00:00:02
</pre>
</body>
</html>
